###############################################################################
#
# IAR ELF Linker V2.20.1.176 for STM8                     09/Jun/2018  16:28:43
# Copyright 2010-2015 IAR Systems AB.
#
#    Output file  =  
#        C:\Users\Sales\Documents\GitHub\74HC595\74HC595\Release\Exe\74пя595.out
#    Map file     =  
#        C:\Users\Sales\Documents\GitHub\74HC595\74HC595\Release\List\74пя595.map
#    Command line =  
#        C:\Users\Sales\Documents\GitHub\74HC595\74HC595\Release\Obj\adc.o
#        C:\Users\Sales\Documents\GitHub\74HC595\74HC595\Release\Obj\clock.o
#        C:\Users\Sales\Documents\GitHub\74HC595\74HC595\Release\Obj\eeprom.o
#        C:\Users\Sales\Documents\GitHub\74HC595\74HC595\Release\Obj\encoder.o
#        C:\Users\Sales\Documents\GitHub\74HC595\74HC595\Release\Obj\iwdg.o
#        C:\Users\Sales\Documents\GitHub\74HC595\74HC595\Release\Obj\main.o
#        C:\Users\Sales\Documents\GitHub\74HC595\74HC595\Release\Obj\motor_control.o
#        C:\Users\Sales\Documents\GitHub\74HC595\74HC595\Release\Obj\serialLED.o
#        --redirect _Printf=_PrintfFullNoMb --redirect _Scanf=_ScanfFullNoMb -o
#        C:\Users\Sales\Documents\GitHub\74HC595\74HC595\Release\Exe\74пя595.out
#        --map
#        C:\Users\Sales\Documents\GitHub\74HC595\74HC595\Release\List\74пя595.map
#        --config "C:\Program Files (x86)\IAR Systems\Embedded Workbench
#        7.3\stm8\config\lnkstm8s105k4.icf" --config_def _CSTACK_SIZE=0x100
#        --config_def _HEAP_SIZE=0x100 --entry __iar_program_start
#
###############################################################################

*******************************************************************************
*** RUNTIME MODEL ATTRIBUTES
***

__SystemLibrary            = DLib
__code_model               = small
__core                     = stm8
__data_model               = medium
__dlib_file_descriptor     = 0
__dlib_full_locale_support = 0
__rt_version               = 4


*******************************************************************************
*** PLACEMENT SUMMARY
***

"A1":  place at start of [0x000000-0x0000ff] { rw section .vregs };
"A2":  place at end of [0x000000-0x0007ff] { block CSTACK };
"P2":  place in [from 0x000000 to 0x0007ff] {
          block HEAP, rw section __DLIB_PERTHREAD, rw section .far.bss,
          rw section .far.data, rw section .far.noinit,
          rw section .far_func.textrw, rw section .huge.bss,
          rw section .huge.data, rw section .huge.noinit,
          rw section .huge_func.textrw, rw section .iar.dynexit,
          rw section .near.bss, rw section .near.data, rw section .near.noinit,
          rw section .near_func.textrw };
"A3":  place at start of [0x008000-0x00bfff] { block INTVEC };
"P3":  place in [from 0x008000 to 0x00bfff] {
          ro section __DLIB_PERTHREAD_init, ro section .far.data_init,
          ro section .far_func.textrw_init, ro section .huge.data_init,
          ro section .huge_func.textrw_init, ro section .iar.init_table,
          ro section .init_array, ro section .near.data_init,
          ro section .near.rodata, ro section .near_func.text,
          ro section .near_func.textrw_init, ro section .tiny.data_init,
          ro section .tiny.rodata_init };

  Section            Kind      Address   Size  Object
  -------            ----      -------   ----  ------
"A1":                                    0x10
  .vregs             uninit   0x000000   0x10  vregs.o [4]
                            - 0x000010   0x10

"P2":                                    0x2f
  P2-1                        0x000010   0x2f  <Init block>
    .near.data       inited   0x000010    0x2  encoder.o [1]
    .near.data       inited   0x000012   0x11  serialLED.o [1]
    .near.data       inited   0x000023    0x1  serialLED.o [1]
    .near.data       inited   0x000024    0x1  serialLED.o [1]
    .near.data       inited   0x000025    0x1  serialLED.o [1]
    .near.data       inited   0x000026    0x1  serialLED.o [1]
    .near.bss        inited   0x000027    0x2  adc.o [1]
    .near.bss        inited   0x000029    0x4  adc.o [1]
    .near.bss        inited   0x00002d    0x1  adc.o [1]
    .near.bss        inited   0x00002e    0x2  adc.o [1]
    .near.bss        inited   0x000030    0x1  adc.o [1]
    .near.bss        inited   0x000031    0x1  encoder.o [1]
    .near.bss        inited   0x000032    0x1  encoder.o [1]
    .near.bss        inited   0x000033    0x1  encoder.o [1]
    .near.bss        inited   0x000034    0x2  encoder.o [1]
    .near.bss        inited   0x000036    0x1  encoder.o [1]
    .near.bss        inited   0x000037    0x2  encoder.o [1]
    .near.bss        inited   0x000039    0x1  serialLED.o [1]
    .near.bss        inited   0x00003a    0x1  serialLED.o [1]
    .near.bss        inited   0x00003b    0x2  serialLED.o [1]
    .near.bss        inited   0x00003d    0x1  serialLED.o [1]
    .near.bss        inited   0x00003e    0x1  serialLED.o [1]
                            - 0x00003f   0x2f

"A2":                                   0x100
  CSTACK                      0x000700  0x100  <Block>
    CSTACK           uninit   0x000700  0x100  <Block tail>
                            - 0x000800  0x100

Absolute sections, part 1 of 17:         0x14
  .near.noinit       uninit   0x005001    0x1  adc.o [1]
  .near.noinit       uninit   0x005002    0x1  adc.o [1]
  .near.noinit       uninit   0x005003    0x1  adc.o [1]
  .near.noinit       uninit   0x005004    0x1  adc.o [1]
  .near.noinit       uninit   0x005005    0x1  serialLED.o [1]
  .near.noinit       uninit   0x005006    0x1  adc.o [1]
  .near.noinit       uninit   0x005007    0x1  serialLED.o [1]
  .near.noinit       uninit   0x005008    0x1  serialLED.o [1]
  .near.noinit       uninit   0x005009    0x1  serialLED.o [1]
  .near.noinit       uninit   0x00500a    0x1  adc.o [1]
  .near.noinit       uninit   0x00500b    0x1  adc.o [1]
  .near.noinit       uninit   0x00500c    0x1  adc.o [1]
  .near.noinit       uninit   0x00500d    0x1  adc.o [1]
  .near.noinit       uninit   0x00500e    0x1  adc.o [1]
  .near.noinit       uninit   0x00500f    0x1  motor_control.o [1]
  .near.noinit       uninit   0x005010    0x1  encoder.o [1]
  .near.noinit       uninit   0x005011    0x1  motor_control.o [1]
  .near.noinit       uninit   0x005012    0x1  motor_control.o [1]
  .near.noinit       uninit   0x005013    0x1  motor_control.o [1]
  .near.noinit       uninit   0x005014    0x1  adc.o [1]
                            - 0x005015   0x14

Absolute sections, part 2 of 17:          0x3
  .near.noinit       uninit   0x005016    0x1  adc.o [1]
  .near.noinit       uninit   0x005017    0x1  adc.o [1]
  .near.noinit       uninit   0x005018    0x1  adc.o [1]
                            - 0x005019    0x3

Absolute sections, part 3 of 17:          0x4
  .near.noinit       uninit   0x00501a    0x1  adc.o [1]
  .near.noinit       uninit   0x00501b    0x1  adc.o [1]
  .near.noinit       uninit   0x00501c    0x1  adc.o [1]
  .near.noinit       uninit   0x00501d    0x1  adc.o [1]
                            - 0x00501e    0x4

Absolute sections, part 4 of 17:          0x1
  .near.noinit       uninit   0x00505f    0x1  eeprom.o [1]
                            - 0x005060    0x1

Absolute sections, part 5 of 17:          0x1
  .near.noinit       uninit   0x005064    0x1  eeprom.o [1]
                            - 0x005065    0x1

Absolute sections, part 6 of 17:          0x1
  .near.noinit       uninit   0x0050a0    0x1  encoder.o [1]
                            - 0x0050a1    0x1

Absolute sections, part 7 of 17:          0x2
  .near.noinit       uninit   0x0050c0    0x1  clock.o [1]
  .near.noinit       uninit   0x0050c1    0x1  clock.o [1]
                            - 0x0050c2    0x2

Absolute sections, part 8 of 17:          0x4
  .near.noinit       uninit   0x0050c4    0x1  clock.o [1]
  .near.noinit       uninit   0x0050c5    0x1  clock.o [1]
  .near.noinit       uninit   0x0050c6    0x1  clock.o [1]
  .near.noinit       uninit   0x0050c7    0x1  clock.o [1]
                            - 0x0050c8    0x4

Absolute sections, part 9 of 17:          0x2
  .near.noinit       uninit   0x0050c9    0x1  clock.o [1]
  .near.noinit       uninit   0x0050ca    0x1  clock.o [1]
                            - 0x0050cb    0x2

Absolute sections, part 10 of 17:         0x2
  .near.noinit       uninit   0x0050cc    0x1  clock.o [1]
  .near.noinit       uninit   0x0050cd    0x1  clock.o [1]
                            - 0x0050ce    0x2

Absolute sections, part 11 of 17:         0x3
  .near.noinit       uninit   0x0050e0    0x1  iwdg.o [1]
  .near.noinit       uninit   0x0050e1    0x1  iwdg.o [1]
  .near.noinit       uninit   0x0050e2    0x1  iwdg.o [1]
                            - 0x0050e3    0x3

Absolute sections, part 12 of 17:         0x3
  .near.noinit       uninit   0x005300    0x1  motor_control.o [1]
  .near.noinit       uninit   0x005301    0x1  motor_control.o [1]
  .near.noinit       uninit   0x005302    0x1  motor_control.o [1]
                            - 0x005303    0x3

Absolute sections, part 13 of 17:         0x5
  .near.noinit       uninit   0x005305    0x1  motor_control.o [1]
  .near.noinit       uninit   0x005306    0x1  motor_control.o [1]
  .near.noinit       uninit   0x005307    0x1  motor_control.o [1]
  .near.noinit       uninit   0x005308    0x1  motor_control.o [1]
  .near.noinit       uninit   0x005309    0x1  motor_control.o [1]
                            - 0x00530a    0x5

Absolute sections, part 14 of 17:         0x7
  .near.noinit       uninit   0x00530c    0x1  motor_control.o [1]
  .near.noinit       uninit   0x00530d    0x1  motor_control.o [1]
  .near.noinit       uninit   0x00530e    0x1  motor_control.o [1]
  .near.noinit       uninit   0x00530f    0x1  motor_control.o [1]
  .near.noinit       uninit   0x005310    0x1  motor_control.o [1]
  .near.noinit       uninit   0x005311    0x1  motor_control.o [1]
  .near.noinit       uninit   0x005312    0x1  motor_control.o [1]
                            - 0x005313    0x7

Absolute sections, part 15 of 17:         0x3
  .near.noinit       uninit   0x005320    0x1  serialLED.o [1]
  .near.noinit       uninit   0x005321    0x1  serialLED.o [1]
  .near.noinit       uninit   0x005322    0x1  serialLED.o [1]
                            - 0x005323    0x3

Absolute sections, part 16 of 17:         0x3
  .near.noinit       uninit   0x00532a    0x1  serialLED.o [1]
  .near.noinit       uninit   0x00532b    0x1  serialLED.o [1]
  .near.noinit       uninit   0x00532c    0x1  serialLED.o [1]
                            - 0x00532d    0x3

Absolute sections, part 17 of 17:         0x6
  .near.noinit       uninit   0x005400    0x1  adc.o [1]
  .near.noinit       uninit   0x005401    0x1  adc.o [1]
  .near.noinit       uninit   0x005402    0x1  adc.o [1]
  .near.noinit       uninit   0x005403    0x1  adc.o [1]
  .near.noinit       uninit   0x005404    0x1  adc.o [1]
  .near.noinit       uninit   0x005405    0x1  adc.o [1]
                            - 0x005406    0x6

"A3":                                    0x80
  INTVEC                      0x008000   0x80  <Block>
    .intvec          const    0x008000   0x80  interrupt.o [4]
                            - 0x008080   0x80

"P3":                                   0x9c1
  .near_func.text    ro code  0x008080  0x133  adc.o [1]
  .near_func.text    ro code  0x0081b3   0xba  long.o [4]
  .near_func.text    ro code  0x00826d   0xa6  serialLED.o [1]
  .near_func.text    ro code  0x008313   0x9b  adc.o [1]
  .near_func.text    ro code  0x0083ae   0x8f  encoder.o [1]
  .near_func.text    ro code  0x00843d   0x8f  vreg_util.o [4]
  .near_func.text    ro code  0x0084cc   0x87  serialLED.o [1]
  .near_func.text    ro code  0x008553   0x82  motor_control.o [1]
  .near_func.text    ro code  0x0085d5   0x70  adc.o [1]
  .near_func.text    ro code  0x008645   0x46  short.o [4]
  .near_func.text    ro code  0x00868b   0x45  serialLED.o [1]
  .near_func.text    ro code  0x0086d0   0x40  eeprom.o [1]
  .near_func.text    ro code  0x008710   0x3e  serialLED.o [1]
  .near_func.text    ro code  0x00874e   0x3c  encoder.o [1]
  .near_func.text    ro code  0x00878a   0x3b  clock.o [1]
  .near_func.text    ro code  0x0087c5   0x37  encoder.o [1]
  .near_func.text    ro code  0x0087fc   0x34  serialLED.o [1]
  .near_func.text    ro code  0x008830   0x30  motor_control.o [1]
  Initializer bytes  const    0x008860   0x2f  <for P2-1>
  .near_func.text    ro code  0x00888f   0x28  init_small.o [4]
  .iar.init_table    const    0x0088b7    0xa  - Linker created -
  .near_func.text    ro code  0x0088c1   0x1c  encoder.o [1]
  .near_func.text    ro code  0x0088dd   0x1a  long_util.o [4]
  .near_func.text    ro code  0x0088f7   0x19  iwdg.o [1]
  .near_func.text    ro code  0x008910   0x17  init.o [4]
  .near_func.text    ro code  0x008927   0x14  eeprom.o [1]
  .near_func.text    ro code  0x00893b   0x13  cstartup.o [4]
  .near.rodata       const    0x00894e   0x10  encoder.o [1]
  .near_func.text    ro code  0x00895e   0x10  serialLED.o [1]
  .near_func.text    ro code  0x00896e    0xf  encoder.o [1]
  .near_func.text    ro code  0x00897d    0xf  encoder.o [1]
  .near_func.text    ro code  0x00898c    0xf  main.o [1]
  .near_func.text    ro code  0x00899b    0xe  serialLED.o [1]
  .near_func.text    ro code  0x0089a9    0xb  main.o [1]
  .near_func.text    ro code  0x0089b4    0xb  dc_util.o [4]
  .near_func.text    ro code  0x0089bf    0xa  encoder.o [1]
  .near_func.text    ro code  0x0089c9    0x9  encoder.o [1]
  .near_func.text    ro code  0x0089d2    0x9  encoder.o [1]
  .near_func.text    ro code  0x0089db    0x9  motor_control.o [1]
  .near_func.text    ro code  0x0089e4    0x9  motor_control.o [1]
  .near_func.text    ro code  0x0089ed    0x9  serialLED.o [1]
  .near_func.text    ro code  0x0089f6    0x8  serialLED.o [1]
  .near_func.text    ro code  0x0089fe    0x5  adc.o [1]
  .near_func.text    ro code  0x008a03    0x5  iwdg.o [1]
  .near_func.text    ro code  0x008a08    0x5  serialLED.o [1]
  .near_func.text    ro code  0x008a0d    0x5  char.o [4]
  .near_func.text    ro code  0x008a12    0x5  cexit.o [4]
  .near_func.text    ro code  0x008a17    0x4  adc.o [1]
  .near_func.text    ro code  0x008a1b    0x4  eeprom.o [1]
  .near_func.text    ro code  0x008a1f    0x4  eeprom.o [1]
  .near_func.text    ro code  0x008a23    0x4  eeprom.o [1]
  .near_func.text    ro code  0x008a27    0x4  eeprom.o [1]
  .near_func.text    ro code  0x008a2b    0x4  encoder.o [1]
  .near_func.text    ro code  0x008a2f    0x4  encoder.o [1]
  .near_func.text    ro code  0x008a33    0x3  interrupt.o [4]
  .near_func.text    ro code  0x008a36    0x3  low_level_init.o [4]
  .near_func.text    ro code  0x008a39    0x3  exit.o [4]
  .near_func.text    ro code  0x008a3c    0x3  unhandled_exception.o [4]
  .near_func.text    ro code  0x008a3f    0x2  xxexit.o [3]
                            - 0x008a41  0x9c1


*******************************************************************************
*** INIT TABLE
***

          Address   Size
          -------   ----
Copy (__iar_copy_init2)
    1 source range, total size 0x2f:
          0x008860  0x2f
    1 destination range, total size 0x2f:
          0x000010  0x2f



*******************************************************************************
*** MODULE SUMMARY
***

    Module                 ro code  ro data  rw data  rw data
                                                       (abs)
    ------                 -------  -------  -------  -------
C:\Users\Sales\Documents\GitHub\74HC595\74HC595\Release\Obj: [1]
    adc.o                      583       10       10       24
    clock.o                     59                         10
    eeprom.o                   100                          2
    encoder.o                  352       26       10        2
    iwdg.o                      30                          3
    main.o                      26
    motor_control.o            196                         19
    serialLED.o                536       27       27       10
    ---------------------------------------------------------
    Total:                   1 882       63       47       70

command line: [2]
    ---------------------------------------------------------
    Total:

dbgstm8smn.a: [3]
    xxexit.o                     2
    ---------------------------------------------------------
    Total:                       2

dlstm8smn.a: [4]
    cexit.o                      5
    char.o                       5
    cstartup.o                  19
    dc_util.o                   11
    exit.o                       3
    init.o                      23
    init_small.o                40
    interrupt.o                  3      128
    long.o                     186
    long_util.o                 26
    low_level_init.o             3
    short.o                     70
    unhandled_exception.o        3
    vreg_util.o                143
    vregs.o                                       16
    ---------------------------------------------------------
    Total:                     540      128       16

    Linker created                       10      256
-------------------------------------------------------------
    Grand Total:             2 424      201      319       70


*******************************************************************************
*** ENTRY LIST
***

Entry                    Address   Size  Type      Object
-----                    -------   ----  ----      ------
.iar.init_table$$Base   0x0088b7          --   Gb  - Linker created -
.iar.init_table$$Limit  0x0088c1          --   Gb  - Linker created -
?b0                     0x000000         Data  Gb  vregs.o [4]
?b1                     0x000001         Data  Gb  vregs.o [4]
?b10                    0x00000a         Data  Gb  vregs.o [4]
?b11                    0x00000b         Data  Gb  vregs.o [4]
?b12                    0x00000c         Data  Gb  vregs.o [4]
?b13                    0x00000d         Data  Gb  vregs.o [4]
?b14                    0x00000e         Data  Gb  vregs.o [4]
?b15                    0x00000f         Data  Gb  vregs.o [4]
?b2                     0x000002         Data  Gb  vregs.o [4]
?b3                     0x000003         Data  Gb  vregs.o [4]
?b4                     0x000004         Data  Gb  vregs.o [4]
?b5                     0x000005         Data  Gb  vregs.o [4]
?b6                     0x000006         Data  Gb  vregs.o [4]
?b7                     0x000007         Data  Gb  vregs.o [4]
?b8                     0x000008         Data  Gb  vregs.o [4]
?b9                     0x000009         Data  Gb  vregs.o [4]
?dc32_px                0x0089b4         Code  Gb  dc_util.o [4]
?dec32_0x_0x            0x0081b8         Code  Gb  long.o [4]
?dec32_l0_l0            0x0081b3         Code  Gb  long.o [4]
?e0                     0x000001         Data  Gb  vregs.o [4]
?e1                     0x000005         Data  Gb  vregs.o [4]
?e2                     0x000009         Data  Gb  vregs.o [4]
?e3                     0x00000d         Data  Gb  vregs.o [4]
?epilogue_l2_w6         0x0084c5         Code  Gb  vreg_util.o [4]
?l0                     0x000000         Data  Gb  vregs.o [4]
?l1                     0x000004         Data  Gb  vregs.o [4]
?l2                     0x000008         Data  Gb  vregs.o [4]
?l3                     0x00000c         Data  Gb  vregs.o [4]
?load32_0x_l0           0x0088e9         Code  Gb  long_util.o [4]
?load32_l0_0x           0x0088dd         Code  Gb  long_util.o [4]
?mul16_x_x_w0           0x008645         Code  Gb  short.o [4]
?mul32_l0_l0_0x         0x0081cf         Code  Gb  long.o [4]
?mul32_l0_l0_dl         0x0081cc         Code  Gb  long.o [4]
?mul32_l0_l0_l1         0x0081d8         Code  Gb  long.o [4]
?pop_l0                 0x00849c         Code  Gb  vreg_util.o [4]
?pop_l1                 0x0084a7         Code  Gb  vreg_util.o [4]
?pop_l2                 0x0084b2         Code  Gb  vreg_util.o [4]
?pop_w4                 0x00845a         Code  Gb  vreg_util.o [4]
?pop_w6                 0x008461         Code  Gb  vreg_util.o [4]
?push_l0                0x008470         Code  Gb  vreg_util.o [4]
?push_l1                0x008475         Code  Gb  vreg_util.o [4]
?push_l2                0x00847a         Code  Gb  vreg_util.o [4]
?push_w4                0x00843d         Code  Gb  vreg_util.o [4]
?push_w6                0x008442         Code  Gb  vreg_util.o [4]
?scmp32_c_l0_l1         0x008256         Code  Gb  long.o [4]
?sdiv16_x_x_y           0x008663         Code  Gb  short.o [4]
?sext16_x_a             0x008684         Code  Gb  short.o [4]
?sra16_x_x_a            0x00867c         Code  Gb  short.o [4]
?srl8_a_a_5             0x008a0d         Code  Gb  char.o [4]
?w0                     0x000000         Data  Gb  vregs.o [4]
?w1                     0x000002         Data  Gb  vregs.o [4]
?w2                     0x000004         Data  Gb  vregs.o [4]
?w3                     0x000006         Data  Gb  vregs.o [4]
?w4                     0x000008         Data  Gb  vregs.o [4]
?w5                     0x00000a         Data  Gb  vregs.o [4]
?w6                     0x00000c         Data  Gb  vregs.o [4]
?w7                     0x00000e         Data  Gb  vregs.o [4]
ADC1_EOC_IRQHandler     0x0085d5   0x70  Code  Gb  adc.o [1]
ADC_DRH                 0x005404    0x1  Data  Gb  adc.o [1]
ADC_DRL                 0x005405    0x1  Data  Gb  adc.o [1]
CLK_PCKENR1             0x0050c7    0x1  Data  Gb  clock.o [1]
CLK_PCKENR2             0x0050ca    0x1  Data  Gb  clock.o [1]
CLK_SWR                 0x0050c4    0x1  Data  Gb  clock.o [1]
CSTACK$$Base            0x000700          --   Gb  - Linker created -
CSTACK$$Limit           0x000800          --   Gb  - Linker created -
EEPROM_writeChar        0x0086d0   0x11  Code  Gb  eeprom.o [1]
EXTI_PORTD_IRQHandler   0x0083ae   0x8f  Code  Gb  encoder.o [1]
FLASH_DUKR              0x005064    0x1  Data  Gb  eeprom.o [1]
GetCurrentVoltage       0x0089fe    0x5  Code  Gb  adc.o [1]
GetLiftMotionVelocity   0x008080  0x133  Code  Gb  adc.o [1]
GetValue2Display        0x008a2b    0x4  Code  Gb  encoder.o [1]
GiveBoneIWDG            0x008a03    0x5  Code  Gb  iwdg.o [1]
INTVEC$$Base            0x008000          --   Gb  - Linker created -
INTVEC$$Limit           0x008080          --   Gb  - Linker created -
IP_complete_signal_hold_counter
                        0x00002e    0x2  Data  Lc  adc.o [1]
IWDG_KR                 0x0050e0    0x1  Data  Gb  iwdg.o [1]
IWDG_RLR                0x0050e2    0x1  Data  Gb  iwdg.o [1]
IncDelayCounter         0x0088c1   0x1c  Code  Gb  encoder.o [1]
Region$$Table$$Base     0x0088b7          --   Gb  - Linker created -
Region$$Table$$Limit    0x0088c1          --   Gb  - Linker created -
ResetParamDisplayCounter
                        0x008a08    0x5  Code  Gb  serialLED.o [1]
RestoreInitialHeightSettingFromEEPROM
                        0x008a1f    0x4  Code  Gb  eeprom.o [1]
RestoreLiftVelocitySettingFromEEPROM
                        0x008a27    0x4  Code  Gb  eeprom.o [1]
RestoreOxyfuelLiftSlowingSettingFromEEPROM
                        0x008a23    0x4  Code  Gb  eeprom.o [1]
RestoreVoltageSettingFromEEPROM
                        0x008a1b    0x4  Code  Gb  eeprom.o [1]
SetDisplayNumeric       0x008710   0x3e  Code  Gb  serialLED.o [1]
SetDisplayState         0x0087fc   0x34  Code  Gb  serialLED.o [1]
SetMotorVelocity        0x008830   0x30  Code  Gb  motor_control.o [1]
SetPWMLimit             0x0089db    0x9  Code  Gb  motor_control.o [1]
SetValue2Display        0x008a2f    0x4  Code  Gb  encoder.o [1]
SetupADC                0x008313   0x9b  Code  Gb  adc.o [1]
SetupClock              0x00878a   0x3b  Code  Gb  clock.o [1]
SetupEncoder            0x0087c5   0x37  Code  Gb  encoder.o [1]
SetupIWDG               0x0088f7   0x19  Code  Gb  iwdg.o [1]
SetupMotorControl       0x008553   0x82  Code  Gb  motor_control.o [1]
SetupSerialLEDs         0x00868b   0x45  Code  Gb  serialLED.o [1]
StoreInitialHeightSettingInEEPROM
                        0x0086fa   0x10  Code  Gb  eeprom.o [1]
StoreLiftVelocitySettingInEEPROM
                        0x008927   0x14  Code  Gb  eeprom.o [1]
StoreOxyfuelLiftSlowingSettingInEEPROM
                        0x00870a    0x6  Code  Gb  eeprom.o [1]
StoreVoltageSettingInEEPROM
                        0x0086e1   0x10  Code  Gb  eeprom.o [1]
TIM2_ARRH               0x00530d    0x1  Data  Gb  motor_control.o [1]
TIM2_ARRL               0x00530e    0x1  Data  Gb  motor_control.o [1]
TIM2_CCR1H              0x00530f    0x1  Data  Gb  motor_control.o [1]
TIM2_CCR1L              0x005310    0x1  Data  Gb  motor_control.o [1]
TIM2_CCR2H              0x005311    0x1  Data  Gb  motor_control.o [1]
TIM2_CCR2L              0x005312    0x1  Data  Gb  motor_control.o [1]
TIM3_ARRH               0x00532b    0x1  Data  Gb  serialLED.o [1]
TIM3_ARRL               0x00532c    0x1  Data  Gb  serialLED.o [1]
TIM3_OVR_UIF_handler    0x00826d   0xa6  Code  Gb  serialLED.o [1]
_A_ADC_CR1              0x005401    0x1  Data  Gb  adc.o [1]
_A_ADC_CR2              0x005402    0x1  Data  Gb  adc.o [1]
_A_ADC_CR3              0x005403    0x1  Data  Gb  adc.o [1]
_A_ADC_CSR              0x005400    0x1  Data  Gb  adc.o [1]
_A_CLK_CCOR             0x0050c9    0x1  Data  Gb  clock.o [1]
_A_CLK_CKDIVR           0x0050c6    0x1  Data  Gb  clock.o [1]
_A_CLK_ECKR             0x0050c1    0x1  Data  Gb  clock.o [1]
_A_CLK_HSITRIMR         0x0050cc    0x1  Data  Gb  clock.o [1]
_A_CLK_ICKR             0x0050c0    0x1  Data  Gb  clock.o [1]
_A_CLK_SWCR             0x0050c5    0x1  Data  Gb  clock.o [1]
_A_CLK_SWIMCCR          0x0050cd    0x1  Data  Gb  clock.o [1]
_A_EXTI_CR1             0x0050a0    0x1  Data  Gb  encoder.o [1]
_A_FLASH_IAPSR          0x00505f    0x1  Data  Gb  eeprom.o [1]
_A_IWDG_PR              0x0050e1    0x1  Data  Gb  iwdg.o [1]
_A_PA_CR1               0x005003    0x1  Data  Gb  adc.o [1]
_A_PA_CR2               0x005004    0x1  Data  Gb  adc.o [1]
_A_PA_DDR               0x005002    0x1  Data  Gb  adc.o [1]
_A_PA_IDR               0x005001    0x1  Data  Gb  adc.o [1]
_A_PB_CR1               0x005008    0x1  Data  Gb  serialLED.o [1]
_A_PB_CR2               0x005009    0x1  Data  Gb  serialLED.o [1]
_A_PB_DDR               0x005007    0x1  Data  Gb  serialLED.o [1]
_A_PB_IDR               0x005006    0x1  Data  Gb  adc.o [1]
_A_PB_ODR               0x005005    0x1  Data  Gb  serialLED.o [1]
_A_PC_CR1               0x00500d    0x1  Data  Gb  adc.o [1]
_A_PC_CR2               0x00500e    0x1  Data  Gb  adc.o [1]
_A_PC_DDR               0x00500c    0x1  Data  Gb  adc.o [1]
_A_PC_IDR               0x00500b    0x1  Data  Gb  adc.o [1]
_A_PC_ODR               0x00500a    0x1  Data  Gb  adc.o [1]
_A_PD_CR1               0x005012    0x1  Data  Gb  motor_control.o [1]
_A_PD_CR2               0x005013    0x1  Data  Gb  motor_control.o [1]
_A_PD_DDR               0x005011    0x1  Data  Gb  motor_control.o [1]
_A_PD_IDR               0x005010    0x1  Data  Gb  encoder.o [1]
_A_PD_ODR               0x00500f    0x1  Data  Gb  motor_control.o [1]
_A_PE_CR1               0x005017    0x1  Data  Gb  adc.o [1]
_A_PE_CR2               0x005018    0x1  Data  Gb  adc.o [1]
_A_PE_DDR               0x005016    0x1  Data  Gb  adc.o [1]
_A_PE_ODR               0x005014    0x1  Data  Gb  adc.o [1]
_A_PF_CR1               0x00501c    0x1  Data  Gb  adc.o [1]
_A_PF_CR2               0x00501d    0x1  Data  Gb  adc.o [1]
_A_PF_DDR               0x00501b    0x1  Data  Gb  adc.o [1]
_A_PF_IDR               0x00501a    0x1  Data  Gb  adc.o [1]
_A_TIM2_CCER1           0x005308    0x1  Data  Gb  motor_control.o [1]
_A_TIM2_CCER2           0x005309    0x1  Data  Gb  motor_control.o [1]
_A_TIM2_CCMR1           0x005305    0x1  Data  Gb  motor_control.o [1]
_A_TIM2_CCMR2           0x005306    0x1  Data  Gb  motor_control.o [1]
_A_TIM2_CCMR3           0x005307    0x1  Data  Gb  motor_control.o [1]
_A_TIM2_CR1             0x005300    0x1  Data  Gb  motor_control.o [1]
_A_TIM2_IER             0x005301    0x1  Data  Gb  motor_control.o [1]
_A_TIM2_PSCR            0x00530c    0x1  Data  Gb  motor_control.o [1]
_A_TIM2_SR1             0x005302    0x1  Data  Gb  motor_control.o [1]
_A_TIM3_CR1             0x005320    0x1  Data  Gb  serialLED.o [1]
_A_TIM3_IER             0x005321    0x1  Data  Gb  serialLED.o [1]
_A_TIM3_PSCR            0x00532a    0x1  Data  Gb  serialLED.o [1]
_A_TIM3_SR1             0x005322    0x1  Data  Gb  serialLED.o [1]
__exit                  0x008a3f    0x2  Code  Gb  xxexit.o [3]
__iar_copy_init2        0x00888f         Code  Gb  init_small.o [4]
__iar_data_init2        0x008910   0x17  Code  Gb  init.o [4]
__iar_program_start     0x00893b         Code  Gb  cstartup.o [4]
__iar_unhandled_exception
                        0x008a3c         Code  Gb  unhandled_exception.o [4]
__intvec                0x008000         Data  Gb  interrupt.o [4]
__low_level_init        0x008a36    0x3  Code  Gb  low_level_init.o [4]
_exit                   0x008a12         Code  Gb  cexit.o [4]
_interrupt_17           0x00826d         Code  Gb  serialLED.o [1]
_interrupt_24           0x0085d5         Code  Gb  adc.o [1]
_interrupt_8            0x0083ae         Code  Gb  encoder.o [1]
ab                      0x000032    0x1  Data  Lc  encoder.o [1]
buttonPressed           0x000036    0x1  Data  Lc  encoder.o [1]
ch0                     0x000023    0x1  Data  Gb  serialLED.o [1]
ch1                     0x000024    0x1  Data  Gb  serialLED.o [1]
ch2                     0x000025    0x1  Data  Gb  serialLED.o [1]
ch3                     0x000026    0x1  Data  Gb  serialLED.o [1]
current_voltage         0x000027    0x2  Data  Lc  adc.o [1]
delay_counter           0x000034    0x2  Data  Lc  encoder.o [1]
delay_counter_limit     0x000010    0x2  Data  Lc  encoder.o [1]
delay_counter_on        0x000033    0x1  Data  Lc  encoder.o [1]
displayValues           0x0084cc   0x87  Code  Gb  serialLED.o [1]
encoder_change_accum    0x000037    0x2  Data  Lc  encoder.o [1]
exit                    0x008a39    0x3  Code  Gb  exit.o [4]
handleButton            0x00874e   0x3c  Code  Gb  encoder.o [1]
int_to_7leds            0x000012   0x11  Data  Lc  serialLED.o [1]
last_value2display      0x00003d    0x1  Data  Lc  serialLED.o [1]
main                    0x0089a9    0xb  Code  Gb  main.o [1]
new_value2display       0x00003e    0x1  Data  Lc  serialLED.o [1]
param_display_counter   0x00003b    0x2  Data  Lc  serialLED.o [1]
pos_counter             0x000039    0x1  Data  Lc  serialLED.o [1]
preheat                 0x000030    0x1  Data  Lc  adc.o [1]
preheatOn               0x008a17    0x4  Code  Gb  adc.o [1]
table                   0x00894e   0x10  Data  Lc  encoder.o [1]
up_after_collision_counter
                        0x000029    0x4  Data  Lc  adc.o [1]
value2display           0x000031    0x1  Data  Lc  encoder.o [1]
value_refresh_counter   0x00003a    0x1  Data  Lc  serialLED.o [1]
waiting_for_IP_signal_released
                        0x00002d    0x1  Data  Lc  adc.o [1]


[1] = C:\Users\Sales\Documents\GitHub\74HC595\74HC595\Release\Obj
[2] = command line
[3] = dbgstm8smn.a
[4] = dlstm8smn.a

  2 424 bytes of readonly  code memory
    201 bytes of readonly  data memory
    319 bytes of readwrite data memory (+ 70 absolute)

Errors: none
Warnings: none
