###############################################################################
#
# IAR ELF Linker V2.20.1.176 for STM8                     04/Jul/2017  12:35:02
# Copyright 2010-2015 IAR Systems AB.
#
#    Output file  =  
#        C:\Users\Sales\Documents\GitHub\74HC595\74HC595\Release\Exe\74пя595.out
#    Map file     =  
#        C:\Users\Sales\Documents\GitHub\74HC595\74HC595\Release\List\74пя595.map
#    Command line =  
#        C:\Users\Sales\Documents\GitHub\74HC595\74HC595\Release\Obj\adc.o
#        C:\Users\Sales\Documents\GitHub\74HC595\74HC595\Release\Obj\clock.o
#        C:\Users\Sales\Documents\GitHub\74HC595\74HC595\Release\Obj\eeprom.o
#        C:\Users\Sales\Documents\GitHub\74HC595\74HC595\Release\Obj\encoder.o
#        C:\Users\Sales\Documents\GitHub\74HC595\74HC595\Release\Obj\main.o
#        C:\Users\Sales\Documents\GitHub\74HC595\74HC595\Release\Obj\motor_control.o
#        C:\Users\Sales\Documents\GitHub\74HC595\74HC595\Release\Obj\serialLED.o
#        --redirect _Printf=_PrintfFullNoMb --redirect _Scanf=_ScanfFullNoMb -o
#        C:\Users\Sales\Documents\GitHub\74HC595\74HC595\Release\Exe\74пя595.out
#        --map
#        C:\Users\Sales\Documents\GitHub\74HC595\74HC595\Release\List\74пя595.map
#        --config "C:\Program Files (x86)\IAR Systems\Embedded Workbench
#        7.3\stm8\config\lnkstm8s105k4.icf" --config_def _CSTACK_SIZE=0x100
#        --config_def _HEAP_SIZE=0x100 --entry __iar_program_start
#
###############################################################################

*******************************************************************************
*** RUNTIME MODEL ATTRIBUTES
***

__SystemLibrary            = DLib
__code_model               = small
__core                     = stm8
__data_model               = medium
__dlib_file_descriptor     = 0
__dlib_full_locale_support = 0
__rt_version               = 4


*******************************************************************************
*** PLACEMENT SUMMARY
***

"A1":  place at start of [0x000000-0x0000ff] { rw section .vregs };
"A2":  place at end of [0x000000-0x0007ff] { block CSTACK };
"P2":  place in [from 0x000000 to 0x0007ff] {
          block HEAP, rw section __DLIB_PERTHREAD, rw section .far.bss,
          rw section .far.data, rw section .far.noinit,
          rw section .far_func.textrw, rw section .huge.bss,
          rw section .huge.data, rw section .huge.noinit,
          rw section .huge_func.textrw, rw section .iar.dynexit,
          rw section .near.bss, rw section .near.data, rw section .near.noinit,
          rw section .near_func.textrw };
"A3":  place at start of [0x008000-0x00bfff] { block INTVEC };
"P3":  place in [from 0x008000 to 0x00bfff] {
          ro section __DLIB_PERTHREAD_init, ro section .far.data_init,
          ro section .far_func.textrw_init, ro section .huge.data_init,
          ro section .huge_func.textrw_init, ro section .iar.init_table,
          ro section .init_array, ro section .near.data_init,
          ro section .near.rodata, ro section .near_func.text,
          ro section .near_func.textrw_init, ro section .tiny.data_init,
          ro section .tiny.rodata_init };

  Section            Kind      Address   Size  Object
  -------            ----      -------   ----  ------
"A1":                                     0xc
  .vregs             uninit   0x000000    0xc  vregs.o [4]
                            - 0x00000c    0xc

"P2":                                    0x37
  P2-1                        0x00000c   0x37  <Init block>
    .near.data       inited   0x00000c    0x4  adc.o [1]
    .near.data       inited   0x000010    0x4  adc.o [1]
    .near.data       inited   0x000014    0x2  adc.o [1]
    .near.data       inited   0x000016    0x2  adc.o [1]
    .near.data       inited   0x000018    0xf  serialLED.o [1]
    .near.data       inited   0x000027    0x1  serialLED.o [1]
    .near.data       inited   0x000028    0x1  serialLED.o [1]
    .near.data       inited   0x000029    0x1  serialLED.o [1]
    .near.data       inited   0x00002a    0x1  serialLED.o [1]
    .near.bss        inited   0x00002b    0x2  adc.o [1]
    .near.bss        inited   0x00002d    0x4  adc.o [1]
    .near.bss        inited   0x000031    0x4  adc.o [1]
    .near.bss        inited   0x000035    0x1  adc.o [1]
    .near.bss        inited   0x000036    0x1  adc.o [1]
    .near.bss        inited   0x000037    0x1  adc.o [1]
    .near.bss        inited   0x000038    0x1  encoder.o [1]
    .near.bss        inited   0x000039    0x1  encoder.o [1]
    .near.bss        inited   0x00003a    0x1  encoder.o [1]
    .near.bss        inited   0x00003b    0x2  encoder.o [1]
    .near.bss        inited   0x00003d    0x1  serialLED.o [1]
    .near.bss        inited   0x00003e    0x1  serialLED.o [1]
    .near.bss        inited   0x00003f    0x2  serialLED.o [1]
    .near.bss        inited   0x000041    0x1  serialLED.o [1]
    .near.bss        inited   0x000042    0x1  serialLED.o [1]
                            - 0x000043   0x37

"A2":                                   0x100
  CSTACK                      0x000700  0x100  <Block>
    CSTACK           uninit   0x000700  0x100  <Block tail>
                            - 0x000800  0x100

Absolute sections, part 1 of 17:          0x9
  .near.noinit       uninit   0x005001    0x1  adc.o [1]
  .near.noinit       uninit   0x005002    0x1  adc.o [1]
  .near.noinit       uninit   0x005003    0x1  adc.o [1]
  .near.noinit       uninit   0x005004    0x1  adc.o [1]
  .near.noinit       uninit   0x005005    0x1  serialLED.o [1]
  .near.noinit       uninit   0x005006    0x1  adc.o [1]
  .near.noinit       uninit   0x005007    0x1  serialLED.o [1]
  .near.noinit       uninit   0x005008    0x1  serialLED.o [1]
  .near.noinit       uninit   0x005009    0x1  serialLED.o [1]
                            - 0x00500a    0x9

Absolute sections, part 2 of 17:          0xa
  .near.noinit       uninit   0x00500b    0x1  adc.o [1]
  .near.noinit       uninit   0x00500c    0x1  adc.o [1]
  .near.noinit       uninit   0x00500d    0x1  adc.o [1]
  .near.noinit       uninit   0x00500e    0x1  adc.o [1]
  .near.noinit       uninit   0x00500f    0x1  motor_control.o [1]
  .near.noinit       uninit   0x005010    0x1  encoder.o [1]
  .near.noinit       uninit   0x005011    0x1  motor_control.o [1]
  .near.noinit       uninit   0x005012    0x1  motor_control.o [1]
  .near.noinit       uninit   0x005013    0x1  motor_control.o [1]
  .near.noinit       uninit   0x005014    0x1  adc.o [1]
                            - 0x005015    0xa

Absolute sections, part 3 of 17:          0x3
  .near.noinit       uninit   0x005016    0x1  adc.o [1]
  .near.noinit       uninit   0x005017    0x1  adc.o [1]
  .near.noinit       uninit   0x005018    0x1  adc.o [1]
                            - 0x005019    0x3

Absolute sections, part 4 of 17:          0x4
  .near.noinit       uninit   0x00501a    0x1  adc.o [1]
  .near.noinit       uninit   0x00501b    0x1  adc.o [1]
  .near.noinit       uninit   0x00501c    0x1  adc.o [1]
  .near.noinit       uninit   0x00501d    0x1  adc.o [1]
                            - 0x00501e    0x4

Absolute sections, part 5 of 17:          0x1
  .near.noinit       uninit   0x00505f    0x1  eeprom.o [1]
                            - 0x005060    0x1

Absolute sections, part 6 of 17:          0x1
  .near.noinit       uninit   0x005064    0x1  eeprom.o [1]
                            - 0x005065    0x1

Absolute sections, part 7 of 17:          0x1
  .near.noinit       uninit   0x0050a0    0x1  encoder.o [1]
                            - 0x0050a1    0x1

Absolute sections, part 8 of 17:          0x2
  .near.noinit       uninit   0x0050c0    0x1  clock.o [1]
  .near.noinit       uninit   0x0050c1    0x1  clock.o [1]
                            - 0x0050c2    0x2

Absolute sections, part 9 of 17:          0x4
  .near.noinit       uninit   0x0050c4    0x1  clock.o [1]
  .near.noinit       uninit   0x0050c5    0x1  clock.o [1]
  .near.noinit       uninit   0x0050c6    0x1  clock.o [1]
  .near.noinit       uninit   0x0050c7    0x1  clock.o [1]
                            - 0x0050c8    0x4

Absolute sections, part 10 of 17:         0x2
  .near.noinit       uninit   0x0050c9    0x1  clock.o [1]
  .near.noinit       uninit   0x0050ca    0x1  clock.o [1]
                            - 0x0050cb    0x2

Absolute sections, part 11 of 17:         0x2
  .near.noinit       uninit   0x0050cc    0x1  clock.o [1]
  .near.noinit       uninit   0x0050cd    0x1  clock.o [1]
                            - 0x0050ce    0x2

Absolute sections, part 12 of 17:         0x3
  .near.noinit       uninit   0x005300    0x1  motor_control.o [1]
  .near.noinit       uninit   0x005301    0x1  motor_control.o [1]
  .near.noinit       uninit   0x005302    0x1  motor_control.o [1]
                            - 0x005303    0x3

Absolute sections, part 13 of 17:         0x5
  .near.noinit       uninit   0x005305    0x1  motor_control.o [1]
  .near.noinit       uninit   0x005306    0x1  motor_control.o [1]
  .near.noinit       uninit   0x005307    0x1  motor_control.o [1]
  .near.noinit       uninit   0x005308    0x1  motor_control.o [1]
  .near.noinit       uninit   0x005309    0x1  motor_control.o [1]
                            - 0x00530a    0x5

Absolute sections, part 14 of 17:         0x7
  .near.noinit       uninit   0x00530c    0x1  motor_control.o [1]
  .near.noinit       uninit   0x00530d    0x1  motor_control.o [1]
  .near.noinit       uninit   0x00530e    0x1  motor_control.o [1]
  .near.noinit       uninit   0x00530f    0x1  motor_control.o [1]
  .near.noinit       uninit   0x005310    0x1  motor_control.o [1]
  .near.noinit       uninit   0x005311    0x1  motor_control.o [1]
  .near.noinit       uninit   0x005312    0x1  motor_control.o [1]
                            - 0x005313    0x7

Absolute sections, part 15 of 17:         0x3
  .near.noinit       uninit   0x005320    0x1  serialLED.o [1]
  .near.noinit       uninit   0x005321    0x1  serialLED.o [1]
  .near.noinit       uninit   0x005322    0x1  serialLED.o [1]
                            - 0x005323    0x3

Absolute sections, part 16 of 17:         0x3
  .near.noinit       uninit   0x00532a    0x1  serialLED.o [1]
  .near.noinit       uninit   0x00532b    0x1  serialLED.o [1]
  .near.noinit       uninit   0x00532c    0x1  serialLED.o [1]
                            - 0x00532d    0x3

Absolute sections, part 17 of 17:         0x6
  .near.noinit       uninit   0x005400    0x1  adc.o [1]
  .near.noinit       uninit   0x005401    0x1  adc.o [1]
  .near.noinit       uninit   0x005402    0x1  adc.o [1]
  .near.noinit       uninit   0x005403    0x1  adc.o [1]
  .near.noinit       uninit   0x005404    0x1  adc.o [1]
  .near.noinit       uninit   0x005405    0x1  adc.o [1]
                            - 0x005406    0x6

"A3":                                    0x80
  INTVEC                      0x008000   0x80  <Block>
    .intvec          const    0x008000   0x80  interrupt.o [4]
                            - 0x008080   0x80

"P3":                                   0x8a6
  .near_func.text    ro code  0x008080   0xd3  adc.o [1]
  .near_func.text    ro code  0x008153   0xba  long.o [4]
  .near_func.text    ro code  0x00820d   0xa6  serialLED.o [1]
  .near_func.text    ro code  0x0082b3   0x85  adc.o [1]
  .near_func.text    ro code  0x008338   0x83  encoder.o [1]
  .near_func.text    ro code  0x0083bb   0x7b  motor_control.o [1]
  .near_func.text    ro code  0x008436   0x7b  serialLED.o [1]
  .near_func.text    ro code  0x0084b1   0x6c  vreg_util.o [4]
  .near_func.text    ro code  0x00851d   0x4f  adc.o [1]
  .near_func.text    ro code  0x00856c   0x45  serialLED.o [1]
  .near_func.text    ro code  0x0085b1   0x3e  serialLED.o [1]
  .near_func.text    ro code  0x0085ef   0x3b  clock.o [1]
  .near_func.text    ro code  0x00862a   0x37  encoder.o [1]
  Initializer bytes  const    0x008661   0x37  <for P2-1>
  .near_func.text    ro code  0x008698   0x34  serialLED.o [1]
  .near_func.text    ro code  0x0086cc   0x2f  encoder.o [1]
  .near_func.text    ro code  0x0086fb   0x28  short.o [4]
  .near_func.text    ro code  0x008723   0x28  init_small.o [4]
  .near_func.text    ro code  0x00874b   0x23  motor_control.o [1]
  .iar.init_table    const    0x00876e    0xa  - Linker created -
  .near_func.text    ro code  0x008778   0x1d  eeprom.o [1]
  .near_func.text    ro code  0x008795   0x1a  long_util.o [4]
  .near_func.text    ro code  0x0087af   0x17  init.o [4]
  .near_func.text    ro code  0x0087c6   0x14  adc.o [1]
  .near_func.text    ro code  0x0087da   0x13  eeprom.o [1]
  .near_func.text    ro code  0x0087ed   0x13  cstartup.o [4]
  .near_func.text    ro code  0x008800   0x11  eeprom.o [1]
  .near_func.text    ro code  0x008811   0x11  eeprom.o [1]
  .near_func.text    ro code  0x008822   0x11  eeprom.o [1]
  .near.rodata       const    0x008833   0x10  encoder.o [1]
  .near_func.text    ro code  0x008843   0x10  eeprom.o [1]
  .near_func.text    ro code  0x008853   0x10  serialLED.o [1]
  .near_func.text    ro code  0x008863    0xf  encoder.o [1]
  .near_func.text    ro code  0x008872    0xf  encoder.o [1]
  .near_func.text    ro code  0x008881    0xe  serialLED.o [1]
  .near_func.text    ro code  0x00888f    0xc  main.o [1]
  .near_func.text    ro code  0x00889b    0xb  main.o [1]
  .near_func.text    ro code  0x0088a6    0xb  dc_util.o [4]
  .near_func.text    ro code  0x0088b1    0xa  encoder.o [1]
  .near_func.text    ro code  0x0088bb    0x9  eeprom.o [1]
  .near_func.text    ro code  0x0088c4    0x9  encoder.o [1]
  .near_func.text    ro code  0x0088cd    0x9  motor_control.o [1]
  .near_func.text    ro code  0x0088d6    0x9  motor_control.o [1]
  .near_func.text    ro code  0x0088df    0x9  serialLED.o [1]
  .near_func.text    ro code  0x0088e8    0x8  serialLED.o [1]
  .near_func.text    ro code  0x0088f0    0x5  adc.o [1]
  .near_func.text    ro code  0x0088f5    0x5  adc.o [1]
  .near_func.text    ro code  0x0088fa    0x5  char.o [4]
  .near_func.text    ro code  0x0088ff    0x5  cexit.o [4]
  .near_func.text    ro code  0x008904    0x4  adc.o [1]
  .near_func.text    ro code  0x008908    0x4  adc.o [1]
  .near_func.text    ro code  0x00890c    0x4  eeprom.o [1]
  .near_func.text    ro code  0x008910    0x4  encoder.o [1]
  .near_func.text    ro code  0x008914    0x4  encoder.o [1]
  .near_func.text    ro code  0x008918    0x3  interrupt.o [4]
  .near_func.text    ro code  0x00891b    0x3  low_level_init.o [4]
  .near_func.text    ro code  0x00891e    0x3  exit.o [4]
  .near_func.text    ro code  0x008921    0x3  unhandled_exception.o [4]
  .near_func.text    ro code  0x008924    0x2  xxexit.o [3]
                            - 0x008926  0x8a6


*******************************************************************************
*** INIT TABLE
***

          Address   Size
          -------   ----
Copy (__iar_copy_init2)
    1 source range, total size 0x37:
          0x008661  0x37
    1 destination range, total size 0x37:
          0x00000c  0x37



*******************************************************************************
*** MODULE SUMMARY
***

    Module                 ro code  ro data  rw data  rw data
                                                       (abs)
    ------                 -------  -------  -------  -------
C:\Users\Sales\Documents\GitHub\74HC595\74HC595\Release\Obj: [1]
    adc.o                      461       25       25       23
    clock.o                     59                         10
    eeprom.o                   128                          2
    encoder.o                  290       21        5        2
    main.o                      23
    motor_control.o            176                         19
    serialLED.o                519       25       25       10
    ---------------------------------------------------------
    Total:                   1 656       71       55       66

command line: [2]
    ---------------------------------------------------------
    Total:

dbgstm8smn.a: [3]
    xxexit.o                     2
    ---------------------------------------------------------
    Total:                       2

dlstm8smn.a: [4]
    cexit.o                      5
    char.o                       5
    cstartup.o                  19
    dc_util.o                   11
    exit.o                       3
    init.o                      23
    init_small.o                40
    interrupt.o                  3      128
    long.o                     186
    long_util.o                 26
    low_level_init.o             3
    short.o                     40
    unhandled_exception.o        3
    vreg_util.o                108
    vregs.o                                       12
    ---------------------------------------------------------
    Total:                     475      128       12

    Linker created                       10      256
-------------------------------------------------------------
    Grand Total:             2 133      209      323       66


*******************************************************************************
*** ENTRY LIST
***

Entry                    Address  Size  Type      Object
-----                    -------  ----  ----      ------
.iar.init_table$$Base   0x00876e         --   Gb  - Linker created -
.iar.init_table$$Limit  0x008778         --   Gb  - Linker created -
?b0                     0x000000        Data  Gb  vregs.o [4]
?b1                     0x000001        Data  Gb  vregs.o [4]
?b10                    0x00000a        Data  Gb  vregs.o [4]
?b11                    0x00000b        Data  Gb  vregs.o [4]
?b2                     0x000002        Data  Gb  vregs.o [4]
?b3                     0x000003        Data  Gb  vregs.o [4]
?b4                     0x000004        Data  Gb  vregs.o [4]
?b5                     0x000005        Data  Gb  vregs.o [4]
?b6                     0x000006        Data  Gb  vregs.o [4]
?b7                     0x000007        Data  Gb  vregs.o [4]
?b8                     0x000008        Data  Gb  vregs.o [4]
?b9                     0x000009        Data  Gb  vregs.o [4]
?dc32_px                0x0088a6        Code  Gb  dc_util.o [4]
?dec32_0x_0x            0x008158        Code  Gb  long.o [4]
?dec32_l0_l0            0x008153        Code  Gb  long.o [4]
?e0                     0x000001        Data  Gb  vregs.o [4]
?e1                     0x000005        Data  Gb  vregs.o [4]
?e2                     0x000009        Data  Gb  vregs.o [4]
?l0                     0x000000        Data  Gb  vregs.o [4]
?l1                     0x000004        Data  Gb  vregs.o [4]
?l2                     0x000008        Data  Gb  vregs.o [4]
?load32_0x_l0           0x0087a1        Code  Gb  long_util.o [4]
?load32_l0_0x           0x008795        Code  Gb  long_util.o [4]
?mul32_l0_l0_0x         0x00816f        Code  Gb  long.o [4]
?mul32_l0_l0_dl         0x00816c        Code  Gb  long.o [4]
?mul32_l0_l0_l1         0x008178        Code  Gb  long.o [4]
?pop_l0                 0x0084ff        Code  Gb  vreg_util.o [4]
?pop_l1                 0x00850a        Code  Gb  vreg_util.o [4]
?pop_w4                 0x0084c9        Code  Gb  vreg_util.o [4]
?push_l0                0x0084d8        Code  Gb  vreg_util.o [4]
?push_l1                0x0084dd        Code  Gb  vreg_util.o [4]
?push_w4                0x0084b1        Code  Gb  vreg_util.o [4]
?scmp32_c_l0_l1         0x0081f6        Code  Gb  long.o [4]
?sdiv16_x_x_y           0x0086fb        Code  Gb  short.o [4]
?sext16_x_a             0x00871c        Code  Gb  short.o [4]
?sra16_x_x_a            0x008714        Code  Gb  short.o [4]
?srl8_a_a_5             0x0088fa        Code  Gb  char.o [4]
?w0                     0x000000        Data  Gb  vregs.o [4]
?w1                     0x000002        Data  Gb  vregs.o [4]
?w2                     0x000004        Data  Gb  vregs.o [4]
?w3                     0x000006        Data  Gb  vregs.o [4]
?w4                     0x000008        Data  Gb  vregs.o [4]
?w5                     0x00000a        Data  Gb  vregs.o [4]
ADC1_EOC_IRQHandler     0x00851d  0x4f  Code  Gb  adc.o [1]
ADC_DRH                 0x005404   0x1  Data  Gb  adc.o [1]
ADC_DRL                 0x005405   0x1  Data  Gb  adc.o [1]
CLK_PCKENR1             0x0050c7   0x1  Data  Gb  clock.o [1]
CLK_PCKENR2             0x0050ca   0x1  Data  Gb  clock.o [1]
CLK_SWR                 0x0050c4   0x1  Data  Gb  clock.o [1]
CSTACK$$Base            0x000700         --   Gb  - Linker created -
CSTACK$$Limit           0x000800         --   Gb  - Linker created -
EEPROM_writeChar        0x008800  0x11  Code  Gb  eeprom.o [1]
EXTI_PORTD_IRQHandler   0x008338  0x83  Code  Gb  encoder.o [1]
FLASH_DUKR              0x005064   0x1  Data  Gb  eeprom.o [1]
GetAVS                  0x00890c   0x4  Code  Gb  eeprom.o [1]
GetCurrentVoltage       0x0088f5   0x5  Code  Gb  adc.o [1]
GetIHS                  0x008811  0x11  Code  Gb  eeprom.o [1]
GetLiftMotionVelocity   0x008080  0xd3  Code  Gb  adc.o [1]
GetTLS                  0x008822  0x11  Code  Gb  eeprom.o [1]
GetValue2Display        0x008910   0x4  Code  Gb  encoder.o [1]
INTVEC$$Base            0x008000         --   Gb  - Linker created -
INTVEC$$Limit           0x008080         --   Gb  - Linker created -
Region$$Table$$Base     0x00876e         --   Gb  - Linker created -
Region$$Table$$Limit    0x008778         --   Gb  - Linker created -
RestartADC              0x0088f0   0x5  Code  Gb  adc.o [1]
SetAVS                  0x008843  0x10  Code  Gb  eeprom.o [1]
SetDisplayNumeric       0x0085b1  0x3e  Code  Gb  serialLED.o [1]
SetIHS                  0x0087da  0x13  Code  Gb  eeprom.o [1]
SetMotorVelocity        0x00874b  0x23  Code  Gb  motor_control.o [1]
SetTLS                  0x008778  0x1d  Code  Gb  eeprom.o [1]
SetValue2Display        0x008914   0x4  Code  Gb  encoder.o [1]
SetupADC                0x0082b3  0x85  Code  Gb  adc.o [1]
SetupClock              0x0085ef  0x3b  Code  Gb  clock.o [1]
SetupEncoder            0x00862a  0x37  Code  Gb  encoder.o [1]
SetupMotorControl       0x0083bb  0x7b  Code  Gb  motor_control.o [1]
SetupSerialLEDs         0x00856c  0x45  Code  Gb  serialLED.o [1]
TIM2_ARRH               0x00530d   0x1  Data  Gb  motor_control.o [1]
TIM2_ARRL               0x00530e   0x1  Data  Gb  motor_control.o [1]
TIM2_CCR1H              0x00530f   0x1  Data  Gb  motor_control.o [1]
TIM2_CCR1L              0x005310   0x1  Data  Gb  motor_control.o [1]
TIM2_CCR2H              0x005311   0x1  Data  Gb  motor_control.o [1]
TIM2_CCR2L              0x005312   0x1  Data  Gb  motor_control.o [1]
TIM3_ARRH               0x00532b   0x1  Data  Gb  serialLED.o [1]
TIM3_ARRL               0x00532c   0x1  Data  Gb  serialLED.o [1]
TIM3_OVR_UIF_handler    0x00820d  0xa6  Code  Gb  serialLED.o [1]
_A_ADC_CR1              0x005401   0x1  Data  Gb  adc.o [1]
_A_ADC_CR2              0x005402   0x1  Data  Gb  adc.o [1]
_A_ADC_CR3              0x005403   0x1  Data  Gb  adc.o [1]
_A_ADC_CSR              0x005400   0x1  Data  Gb  adc.o [1]
_A_CLK_CCOR             0x0050c9   0x1  Data  Gb  clock.o [1]
_A_CLK_CKDIVR           0x0050c6   0x1  Data  Gb  clock.o [1]
_A_CLK_ECKR             0x0050c1   0x1  Data  Gb  clock.o [1]
_A_CLK_HSITRIMR         0x0050cc   0x1  Data  Gb  clock.o [1]
_A_CLK_ICKR             0x0050c0   0x1  Data  Gb  clock.o [1]
_A_CLK_SWCR             0x0050c5   0x1  Data  Gb  clock.o [1]
_A_CLK_SWIMCCR          0x0050cd   0x1  Data  Gb  clock.o [1]
_A_EXTI_CR1             0x0050a0   0x1  Data  Gb  encoder.o [1]
_A_FLASH_IAPSR          0x00505f   0x1  Data  Gb  eeprom.o [1]
_A_PA_CR1               0x005003   0x1  Data  Gb  adc.o [1]
_A_PA_CR2               0x005004   0x1  Data  Gb  adc.o [1]
_A_PA_DDR               0x005002   0x1  Data  Gb  adc.o [1]
_A_PA_IDR               0x005001   0x1  Data  Gb  adc.o [1]
_A_PB_CR1               0x005008   0x1  Data  Gb  serialLED.o [1]
_A_PB_CR2               0x005009   0x1  Data  Gb  serialLED.o [1]
_A_PB_DDR               0x005007   0x1  Data  Gb  serialLED.o [1]
_A_PB_IDR               0x005006   0x1  Data  Gb  adc.o [1]
_A_PB_ODR               0x005005   0x1  Data  Gb  serialLED.o [1]
_A_PC_CR1               0x00500d   0x1  Data  Gb  adc.o [1]
_A_PC_CR2               0x00500e   0x1  Data  Gb  adc.o [1]
_A_PC_DDR               0x00500c   0x1  Data  Gb  adc.o [1]
_A_PC_IDR               0x00500b   0x1  Data  Gb  adc.o [1]
_A_PD_CR1               0x005012   0x1  Data  Gb  motor_control.o [1]
_A_PD_CR2               0x005013   0x1  Data  Gb  motor_control.o [1]
_A_PD_DDR               0x005011   0x1  Data  Gb  motor_control.o [1]
_A_PD_IDR               0x005010   0x1  Data  Gb  encoder.o [1]
_A_PD_ODR               0x00500f   0x1  Data  Gb  motor_control.o [1]
_A_PE_CR1               0x005017   0x1  Data  Gb  adc.o [1]
_A_PE_CR2               0x005018   0x1  Data  Gb  adc.o [1]
_A_PE_DDR               0x005016   0x1  Data  Gb  adc.o [1]
_A_PE_ODR               0x005014   0x1  Data  Gb  adc.o [1]
_A_PF_CR1               0x00501c   0x1  Data  Gb  adc.o [1]
_A_PF_CR2               0x00501d   0x1  Data  Gb  adc.o [1]
_A_PF_DDR               0x00501b   0x1  Data  Gb  adc.o [1]
_A_PF_IDR               0x00501a   0x1  Data  Gb  adc.o [1]
_A_TIM2_CCER1           0x005308   0x1  Data  Gb  motor_control.o [1]
_A_TIM2_CCER2           0x005309   0x1  Data  Gb  motor_control.o [1]
_A_TIM2_CCMR1           0x005305   0x1  Data  Gb  motor_control.o [1]
_A_TIM2_CCMR2           0x005306   0x1  Data  Gb  motor_control.o [1]
_A_TIM2_CCMR3           0x005307   0x1  Data  Gb  motor_control.o [1]
_A_TIM2_CR1             0x005300   0x1  Data  Gb  motor_control.o [1]
_A_TIM2_IER             0x005301   0x1  Data  Gb  motor_control.o [1]
_A_TIM2_PSCR            0x00530c   0x1  Data  Gb  motor_control.o [1]
_A_TIM2_SR1             0x005302   0x1  Data  Gb  motor_control.o [1]
_A_TIM3_CR1             0x005320   0x1  Data  Gb  serialLED.o [1]
_A_TIM3_IER             0x005321   0x1  Data  Gb  serialLED.o [1]
_A_TIM3_PSCR            0x00532a   0x1  Data  Gb  serialLED.o [1]
_A_TIM3_SR1             0x005322   0x1  Data  Gb  serialLED.o [1]
__exit                  0x008924   0x2  Code  Gb  xxexit.o [3]
__iar_copy_init2        0x008723        Code  Gb  init_small.o [4]
__iar_data_init2        0x0087af  0x17  Code  Gb  init.o [4]
__iar_program_start     0x0087ed        Code  Gb  cstartup.o [4]
__iar_unhandled_exception
                        0x008921        Code  Gb  unhandled_exception.o [4]
__intvec                0x008000        Data  Gb  interrupt.o [4]
__low_level_init        0x00891b   0x3  Code  Gb  low_level_init.o [4]
_exit                   0x0088ff        Code  Gb  cexit.o [4]
_interrupt_17           0x00820d        Code  Gb  serialLED.o [1]
_interrupt_24           0x00851d        Code  Gb  adc.o [1]
_interrupt_8            0x008338        Code  Gb  encoder.o [1]
ab                      0x000039   0x1  Data  Lc  encoder.o [1]
buttonPressed           0x00003a   0x1  Data  Lc  encoder.o [1]
ch0                     0x000027   0x1  Data  Gb  serialLED.o [1]
ch1                     0x000028   0x1  Data  Gb  serialLED.o [1]
ch2                     0x000029   0x1  Data  Gb  serialLED.o [1]
ch3                     0x00002a   0x1  Data  Gb  serialLED.o [1]
current_voltage         0x00002b   0x2  Data  Lc  adc.o [1]
displayValues           0x008436  0x7b  Code  Gb  serialLED.o [1]
downVelocity            0x000016   0x2  Data  Lc  adc.o [1]
down_for_plate_collision_counter
                        0x000031   0x4  Data  Lc  adc.o [1]
down_for_plate_collision_counter_limit
                        0x000010   0x4  Data  Lc  adc.o [1]
encoder_change_accum    0x00003b   0x2  Data  Lc  encoder.o [1]
exit                    0x00891e   0x3  Code  Gb  exit.o [4]
handleButton            0x0086cc  0x2f  Code  Gb  encoder.o [1]
int_to_7leds            0x000018   0xf  Data  Lc  serialLED.o [1]
last_value2display      0x000041   0x1  Data  Lc  serialLED.o [1]
main                    0x00889b   0xb  Code  Gb  main.o [1]
new_value2display       0x000042   0x1  Data  Lc  serialLED.o [1]
param_display_counter   0x00003f   0x2  Data  Lc  serialLED.o [1]
pos_counter             0x00003d   0x1  Data  Lc  serialLED.o [1]
preheat                 0x000035   0x1  Data  Lc  adc.o [1]
preheatOn               0x008904   0x4  Code  Gb  adc.o [1]
sensetivity             0x000037   0x1  Data  Gb  adc.o [1]
setDisplayState         0x008698  0x34  Code  Gb  serialLED.o [1]
setInitialHeight        0x0087c6  0x14  Code  Gb  adc.o [1]
setSensetivity          0x008908   0x4  Code  Gb  adc.o [1]
table                   0x008833  0x10  Data  Lc  encoder.o [1]
upVelocity              0x000014   0x2  Data  Lc  adc.o [1]
up_after_collision_counter
                        0x00002d   0x4  Data  Lc  adc.o [1]
up_after_collision_counter_limit
                        0x00000c   0x4  Data  Lc  adc.o [1]
value2display           0x000038   0x1  Data  Lc  encoder.o [1]
value_refresh_counter   0x00003e   0x1  Data  Lc  serialLED.o [1]
waiting_for_IP_signal_released
                        0x000036   0x1  Data  Lc  adc.o [1]


[1] = C:\Users\Sales\Documents\GitHub\74HC595\74HC595\Release\Obj
[2] = command line
[3] = dbgstm8smn.a
[4] = dlstm8smn.a

  2 133 bytes of readonly  code memory
    209 bytes of readonly  data memory
    323 bytes of readwrite data memory (+ 66 absolute)

Errors: none
Warnings: none
