###############################################################################
#
# IAR ELF Linker V2.20.1.176 for STM8                     16/May/2017  12:17:30
# Copyright 2010-2015 IAR Systems AB.
#
#    Output file  =  
#        C:\Users\Sales\Documents\GitHub\74HC595\74HC595\Debug\Exe\74пя595.out
#    Map file     =  
#        C:\Users\Sales\Documents\GitHub\74HC595\74HC595\Debug\List\74пя595.map
#    Command line =  
#        C:\Users\Sales\Documents\GitHub\74HC595\74HC595\Debug\Obj\adc.o
#        C:\Users\Sales\Documents\GitHub\74HC595\74HC595\Debug\Obj\clock.o
#        C:\Users\Sales\Documents\GitHub\74HC595\74HC595\Debug\Obj\eeprom.o
#        C:\Users\Sales\Documents\GitHub\74HC595\74HC595\Debug\Obj\encoder.o
#        C:\Users\Sales\Documents\GitHub\74HC595\74HC595\Debug\Obj\main.o
#        C:\Users\Sales\Documents\GitHub\74HC595\74HC595\Debug\Obj\motor_control.o
#        C:\Users\Sales\Documents\GitHub\74HC595\74HC595\Debug\Obj\serialLED.o
#        --redirect _Printf=_PrintfFullNoMb --redirect _Scanf=_ScanfFullNoMb -o
#        C:\Users\Sales\Documents\GitHub\74HC595\74HC595\Debug\Exe\74пя595.out
#        --map
#        C:\Users\Sales\Documents\GitHub\74HC595\74HC595\Debug\List\74пя595.map
#        --config "C:\Program Files (x86)\IAR Systems\Embedded Workbench
#        7.3\stm8\config\lnkstm8s105k4.icf" --config_def _CSTACK_SIZE=0x100
#        --config_def _HEAP_SIZE=0x100 --entry __iar_program_start --debug_lib
#
###############################################################################

*******************************************************************************
*** RUNTIME MODEL ATTRIBUTES
***

__SystemLibrary            = DLib
__code_model               = small
__core                     = stm8
__data_model               = medium
__dlib_file_descriptor     = 0
__dlib_full_locale_support = 0
__rt_version               = 4


*******************************************************************************
*** PLACEMENT SUMMARY
***

"A1":  place at start of [0x000000-0x0000ff] { rw section .vregs };
"A2":  place at end of [0x000000-0x0007ff] { block CSTACK };
"P2":  place in [from 0x000000 to 0x0007ff] {
          block HEAP, rw section __DLIB_PERTHREAD, rw section .far.bss,
          rw section .far.data, rw section .far.noinit,
          rw section .far_func.textrw, rw section .huge.bss,
          rw section .huge.data, rw section .huge.noinit,
          rw section .huge_func.textrw, rw section .iar.dynexit,
          rw section .near.bss, rw section .near.data, rw section .near.noinit,
          rw section .near_func.textrw };
"A3":  place at start of [0x008000-0x00bfff] { block INTVEC };
"P3":  place in [from 0x008000 to 0x00bfff] {
          ro section __DLIB_PERTHREAD_init, ro section .far.data_init,
          ro section .far_func.textrw_init, ro section .huge.data_init,
          ro section .huge_func.textrw_init, ro section .iar.init_table,
          ro section .init_array, ro section .near.data_init,
          ro section .near.rodata, ro section .near_func.text,
          ro section .near_func.textrw_init, ro section .tiny.data_init,
          ro section .tiny.rodata_init };

  Section            Kind      Address   Size  Object
  -------            ----      -------   ----  ------
"A1":                                     0xc
  .vregs             uninit   0x000000    0xc  vregs.o [4]
                            - 0x00000c    0xc

"P2":                                    0x2e
  P2-1                        0x00000c   0x2e  <Init block>
    .near.data       inited   0x00000c    0x4  adc.o [1]
    .near.data       inited   0x000010    0x4  adc.o [1]
    .near.data       inited   0x000014    0xe  serialLED.o [1]
    .near.data       inited   0x000022    0x1  serialLED.o [1]
    .near.data       inited   0x000023    0x1  serialLED.o [1]
    .near.data       inited   0x000024    0x1  serialLED.o [1]
    .near.data       inited   0x000025    0x1  serialLED.o [1]
    .near.bss        inited   0x000026    0x1  adc.o [1]
    .near.bss        inited   0x000027    0x4  adc.o [1]
    .near.bss        inited   0x00002b    0x4  adc.o [1]
    .near.bss        inited   0x00002f    0x1  encoder.o [1]
    .near.bss        inited   0x000030    0x1  encoder.o [1]
    .near.bss        inited   0x000031    0x1  encoder.o [1]
    .near.bss        inited   0x000032    0x2  encoder.o [1]
    .near.bss        inited   0x000034    0x1  serialLED.o [1]
    .near.bss        inited   0x000035    0x1  serialLED.o [1]
    .near.bss        inited   0x000036    0x2  serialLED.o [1]
    .near.bss        inited   0x000038    0x1  serialLED.o [1]
    .near.bss        inited   0x000039    0x1  serialLED.o [1]
                            - 0x00003a   0x2e

"A2":                                   0x100
  CSTACK                      0x000700  0x100  <Block>
    CSTACK           uninit   0x000700  0x100  <Block tail>
                            - 0x000800  0x100

Absolute sections, part 1 of 18:          0x9
  .near.noinit       uninit   0x005001    0x1  adc.o [1]
  .near.noinit       uninit   0x005002    0x1  adc.o [1]
  .near.noinit       uninit   0x005003    0x1  adc.o [1]
  .near.noinit       uninit   0x005004    0x1  adc.o [1]
  .near.noinit       uninit   0x005005    0x1  serialLED.o [1]
  .near.noinit       uninit   0x005006    0x1  adc.o [1]
  .near.noinit       uninit   0x005007    0x1  serialLED.o [1]
  .near.noinit       uninit   0x005008    0x1  serialLED.o [1]
  .near.noinit       uninit   0x005009    0x1  serialLED.o [1]
                            - 0x00500a    0x9

Absolute sections, part 2 of 18:          0x6
  .near.noinit       uninit   0x00500f    0x1  motor_control.o [1]
  .near.noinit       uninit   0x005010    0x1  encoder.o [1]
  .near.noinit       uninit   0x005011    0x1  motor_control.o [1]
  .near.noinit       uninit   0x005012    0x1  motor_control.o [1]
  .near.noinit       uninit   0x005013    0x1  motor_control.o [1]
  .near.noinit       uninit   0x005014    0x1  adc.o [1]
                            - 0x005015    0x6

Absolute sections, part 3 of 18:          0x3
  .near.noinit       uninit   0x005016    0x1  adc.o [1]
  .near.noinit       uninit   0x005017    0x1  adc.o [1]
  .near.noinit       uninit   0x005018    0x1  adc.o [1]
                            - 0x005019    0x3

Absolute sections, part 4 of 18:          0x4
  .near.noinit       uninit   0x00501a    0x1  adc.o [1]
  .near.noinit       uninit   0x00501b    0x1  adc.o [1]
  .near.noinit       uninit   0x00501c    0x1  adc.o [1]
  .near.noinit       uninit   0x00501d    0x1  adc.o [1]
                            - 0x00501e    0x4

Absolute sections, part 5 of 18:          0x1
  .near.noinit       uninit   0x00505f    0x1  eeprom.o [1]
                            - 0x005060    0x1

Absolute sections, part 6 of 18:          0x1
  .near.noinit       uninit   0x005064    0x1  eeprom.o [1]
                            - 0x005065    0x1

Absolute sections, part 7 of 18:          0x1
  .near.noinit       uninit   0x0050a0    0x1  encoder.o [1]
                            - 0x0050a1    0x1

Absolute sections, part 8 of 18:          0x2
  .near.noinit       uninit   0x0050c0    0x1  clock.o [1]
  .near.noinit       uninit   0x0050c1    0x1  clock.o [1]
                            - 0x0050c2    0x2

Absolute sections, part 9 of 18:          0x4
  .near.noinit       uninit   0x0050c4    0x1  clock.o [1]
  .near.noinit       uninit   0x0050c5    0x1  clock.o [1]
  .near.noinit       uninit   0x0050c6    0x1  clock.o [1]
  .near.noinit       uninit   0x0050c7    0x1  clock.o [1]
                            - 0x0050c8    0x4

Absolute sections, part 10 of 18:         0x2
  .near.noinit       uninit   0x0050c9    0x1  clock.o [1]
  .near.noinit       uninit   0x0050ca    0x1  clock.o [1]
                            - 0x0050cb    0x2

Absolute sections, part 11 of 18:         0x2
  .near.noinit       uninit   0x0050cc    0x1  clock.o [1]
  .near.noinit       uninit   0x0050cd    0x1  clock.o [1]
                            - 0x0050ce    0x2

Absolute sections, part 12 of 18:         0x1
  .near.noinit       uninit   0x005300    0x1  motor_control.o [1]
                            - 0x005301    0x1

Absolute sections, part 13 of 18:         0x2
  .near.noinit       uninit   0x005305    0x1  motor_control.o [1]
  .near.noinit       uninit   0x005306    0x1  motor_control.o [1]
                            - 0x005307    0x2

Absolute sections, part 14 of 18:         0x1
  .near.noinit       uninit   0x005308    0x1  motor_control.o [1]
                            - 0x005309    0x1

Absolute sections, part 15 of 18:         0x7
  .near.noinit       uninit   0x00530c    0x1  motor_control.o [1]
  .near.noinit       uninit   0x00530d    0x1  motor_control.o [1]
  .near.noinit       uninit   0x00530e    0x1  motor_control.o [1]
  .near.noinit       uninit   0x00530f    0x1  motor_control.o [1]
  .near.noinit       uninit   0x005310    0x1  motor_control.o [1]
  .near.noinit       uninit   0x005311    0x1  motor_control.o [1]
  .near.noinit       uninit   0x005312    0x1  motor_control.o [1]
                            - 0x005313    0x7

Absolute sections, part 16 of 18:         0x3
  .near.noinit       uninit   0x005320    0x1  serialLED.o [1]
  .near.noinit       uninit   0x005321    0x1  serialLED.o [1]
  .near.noinit       uninit   0x005322    0x1  serialLED.o [1]
                            - 0x005323    0x3

Absolute sections, part 17 of 18:         0x3
  .near.noinit       uninit   0x00532a    0x1  serialLED.o [1]
  .near.noinit       uninit   0x00532b    0x1  serialLED.o [1]
  .near.noinit       uninit   0x00532c    0x1  serialLED.o [1]
                            - 0x00532d    0x3

Absolute sections, part 18 of 18:         0x5
  .near.noinit       uninit   0x005400    0x1  adc.o [1]
  .near.noinit       uninit   0x005401    0x1  adc.o [1]
  .near.noinit       uninit   0x005402    0x1  adc.o [1]
  .near.noinit       uninit   0x005403    0x1  adc.o [1]
  .near.noinit       uninit   0x005404    0x1  adc.o [1]
                            - 0x005405    0x5

"A3":                                    0x80
  INTVEC                      0x008000   0x80  <Block>
    .intvec          const    0x008000   0x80  interrupt.o [4]
                            - 0x008080   0x80

"P3":                                   0x8b9
  .near_func.text    ro code  0x008080  0x108  serialLED.o [1]
  .near_func.text    ro code  0x008188   0xd9  adc.o [1]
  .near_func.text    ro code  0x008261   0xba  long.o [4]
  .near_func.text    ro code  0x00831b   0x86  encoder.o [1]
  .near_func.text    ro code  0x0083a1   0x79  adc.o [1]
  .near_func.text    ro code  0x00841a   0x6f  encoder.o [1]
  .near_func.text    ro code  0x008489   0x6c  vreg_util.o [4]
  .near_func.text    ro code  0x0084f5   0x65  motor_control.o [1]
  .near_func.text    ro code  0x00855a   0x60  adc.o [1]
  .near_func.text    ro code  0x0085ba   0x5d  serialLED.o [1]
  .near_func.text    ro code  0x008617   0x59  eeprom.o [1]
  .near_func.text    ro code  0x008670   0x56  serialLED.o [1]
  .near_func.text    ro code  0x0086c6   0x4b  encoder.o [1]
  .near_func.text    ro code  0x008711   0x45  serialLED.o [1]
  .near_func.text    ro code  0x008756   0x40  clock.o [1]
  .near_func.text    ro code  0x008796   0x38  short.o [4]
  .near_func.text    ro code  0x0087ce   0x2e  motor_control.o [1]
  Initializer bytes  const    0x0087fc   0x2e  <for P2-1>
  .near_func.text    ro code  0x00882a   0x28  init_small.o [4]
  .iar.init_table    const    0x008852    0xa  - Linker created -
  .near_func.text    ro code  0x00885c   0x1a  long_util.o [4]
  .near_func.text    ro code  0x008876   0x17  init.o [4]
  .near_func.text    ro code  0x00888d   0x15  eeprom.o [1]
  .near_func.text    ro code  0x0088a2   0x14  adc.o [1]
  .near_func.text    ro code  0x0088b6   0x14  __dbg_xxexit.o [3]
  .near_func.text    ro code  0x0088ca   0x13  cstartup.o [4]
  .near.rodata       const    0x0088dd   0x10  encoder.o [1]
  .near_func.text    ro code  0x0088ed    0xf  main.o [1]
  .near_func.text    ro code  0x0088fc    0xb  dc_util.o [4]
  .near_func.text    ro code  0x008907    0x8  main.o [1]
  .near_func.text    ro code  0x00890f    0x5  adc.o [1]
  .near_func.text    ro code  0x008914    0x5  char.o [4]
  .near_func.text    ro code  0x008919    0x5  cexit.o [4]
  .near_func.text    ro code  0x00891e    0x4  adc.o [1]
  .near_func.text    ro code  0x008922    0x4  encoder.o [1]
  .near_func.text    ro code  0x008926    0x4  encoder.o [1]
  .near_func.text    ro code  0x00892a    0x3  interrupt.o [4]
  .near_func.text    ro code  0x00892d    0x3  low_level_init.o [4]
  .near_func.text    ro code  0x008930    0x3  exit.o [4]
  .near_func.text    ro code  0x008933    0x3  unhandled_exception.o [4]
  .near.rodata       const    0x008936    0x1  adc.o [1]
  .near.rodata       const    0x008937    0x1  adc.o [1]
  .near_func.text    ro code  0x008938    0x1  __dbg_break.o [3]
                            - 0x008939  0x8b9


*******************************************************************************
*** INIT TABLE
***

          Address   Size
          -------   ----
Copy (__iar_copy_init2)
    1 source range, total size 0x2e:
          0x0087fc  0x2e
    1 destination range, total size 0x2e:
          0x00000c  0x2e



*******************************************************************************
*** MODULE SUMMARY
***

    Module                 ro code  ro data  rw data  rw data
                                                       (abs)
    ------                 -------  -------  -------  -------
C:\Users\Sales\Documents\GitHub\74HC595\74HC595\Debug\Obj: [1]
    adc.o                      463       19       17       18
    clock.o                     64                         10
    eeprom.o                   110                          2
    encoder.o                  328       21        5        2
    main.o                      23
    motor_control.o            147                         15
    serialLED.o                512       24       24       10
    ---------------------------------------------------------
    Total:                   1 647       64       46       57

command line: [2]
    ---------------------------------------------------------
    Total:

dbgstm8smd.a: [3]
    __dbg_break.o                1
    __dbg_xxexit.o              20
    ---------------------------------------------------------
    Total:                      21

dlstm8smn.a: [4]
    cexit.o                      5
    char.o                       5
    cstartup.o                  19
    dc_util.o                   11
    exit.o                       3
    init.o                      23
    init_small.o                40
    interrupt.o                  3      128
    long.o                     186
    long_util.o                 26
    low_level_init.o             3
    short.o                     56
    unhandled_exception.o        3
    vreg_util.o                108
    vregs.o                                       12
    ---------------------------------------------------------
    Total:                     491      128       12

    Linker created                       10      256
-------------------------------------------------------------
    Grand Total:             2 159      202      314       57


*******************************************************************************
*** ENTRY LIST
***

Entry                    Address   Size  Type      Object
-----                    -------   ----  ----      ------
.iar.init_table$$Base   0x008852          --   Gb  - Linker created -
.iar.init_table$$Limit  0x00885c          --   Gb  - Linker created -
?b0                     0x000000         Data  Gb  vregs.o [4]
?b1                     0x000001         Data  Gb  vregs.o [4]
?b10                    0x00000a         Data  Gb  vregs.o [4]
?b11                    0x00000b         Data  Gb  vregs.o [4]
?b2                     0x000002         Data  Gb  vregs.o [4]
?b3                     0x000003         Data  Gb  vregs.o [4]
?b4                     0x000004         Data  Gb  vregs.o [4]
?b5                     0x000005         Data  Gb  vregs.o [4]
?b6                     0x000006         Data  Gb  vregs.o [4]
?b7                     0x000007         Data  Gb  vregs.o [4]
?b8                     0x000008         Data  Gb  vregs.o [4]
?b9                     0x000009         Data  Gb  vregs.o [4]
?dc32_px                0x0088fc         Code  Gb  dc_util.o [4]
?dec32_0x_0x            0x008266         Code  Gb  long.o [4]
?dec32_l0_l0            0x008261         Code  Gb  long.o [4]
?e0                     0x000001         Data  Gb  vregs.o [4]
?e1                     0x000005         Data  Gb  vregs.o [4]
?e2                     0x000009         Data  Gb  vregs.o [4]
?l0                     0x000000         Data  Gb  vregs.o [4]
?l1                     0x000004         Data  Gb  vregs.o [4]
?l2                     0x000008         Data  Gb  vregs.o [4]
?load32_0x_l0           0x008868         Code  Gb  long_util.o [4]
?load32_l0_0x           0x00885c         Code  Gb  long_util.o [4]
?mul32_l0_l0_0x         0x00827d         Code  Gb  long.o [4]
?mul32_l0_l0_dl         0x00827a         Code  Gb  long.o [4]
?mul32_l0_l0_l1         0x008286         Code  Gb  long.o [4]
?pop_l0                 0x0084d7         Code  Gb  vreg_util.o [4]
?pop_l1                 0x0084e2         Code  Gb  vreg_util.o [4]
?pop_w4                 0x0084a1         Code  Gb  vreg_util.o [4]
?push_l0                0x0084b0         Code  Gb  vreg_util.o [4]
?push_l1                0x0084b5         Code  Gb  vreg_util.o [4]
?push_w4                0x008489         Code  Gb  vreg_util.o [4]
?scmp32_c_l0_l1         0x008304         Code  Gb  long.o [4]
?sdiv16_x_x_y           0x008796         Code  Gb  short.o [4]
?sext16_x_a             0x0087c7         Code  Gb  short.o [4]
?smod16_y_x_y           0x0087af         Code  Gb  short.o [4]
?sra16_x_x_a            0x0087bf         Code  Gb  short.o [4]
?srl8_a_a_5             0x008914         Code  Gb  char.o [4]
?w0                     0x000000         Data  Gb  vregs.o [4]
?w1                     0x000002         Data  Gb  vregs.o [4]
?w2                     0x000004         Data  Gb  vregs.o [4]
?w3                     0x000006         Data  Gb  vregs.o [4]
?w4                     0x000008         Data  Gb  vregs.o [4]
?w5                     0x00000a         Data  Gb  vregs.o [4]
ADC1_EOC_IRQHandler     0x00855a   0x60  Code  Gb  adc.o [1]
ADC_DRH                 0x005404    0x1  Data  Gb  adc.o [1]
CLK_PCKENR1             0x0050c7    0x1  Data  Gb  clock.o [1]
CLK_PCKENR2             0x0050ca    0x1  Data  Gb  clock.o [1]
CLK_SWR                 0x0050c4    0x1  Data  Gb  clock.o [1]
CSTACK$$Base            0x000700          --   Gb  - Linker created -
CSTACK$$Limit           0x000800          --   Gb  - Linker created -
EEPROM_readChar         0x008643   0x10  Code  Gb  eeprom.o [1]
EEPROM_writeChar        0x008617   0x2c  Code  Gb  eeprom.o [1]
EXTI_PORTD_IRQHandler   0x00831b   0x86  Code  Gb  encoder.o [1]
FLASH_DUKR              0x005064    0x1  Data  Gb  eeprom.o [1]
GetAVS                  0x00866c    0x4  Code  Gb  eeprom.o [1]
GetAngleChange          0x00841a   0x24  Code  Gb  encoder.o [1]
GetCurrentVoltage       0x00891e    0x4  Code  Gb  adc.o [1]
GetEncoderSensorsState  0x00843e   0x15  Code  Gb  encoder.o [1]
GetIHS                  0x00888d   0x15  Code  Gb  eeprom.o [1]
GetLiftMotionVelocity   0x008188   0xd9  Code  Gb  adc.o [1]
GetValue2Display        0x008922    0x4  Code  Gb  encoder.o [1]
INTVEC$$Base            0x008000          --   Gb  - Linker created -
INTVEC$$Limit           0x008080          --   Gb  - Linker created -
Region$$Table$$Base     0x008852          --   Gb  - Linker created -
Region$$Table$$Limit    0x00885c          --   Gb  - Linker created -
RestartADC              0x00890f    0x5  Code  Gb  adc.o [1]
SetAVS                  0x008653    0x4  Code  Gb  eeprom.o [1]
SetDisplayNumeric       0x008670   0x56  Code  Gb  serialLED.o [1]
SetIHS                  0x008657   0x15  Code  Gb  eeprom.o [1]
SetMotorVelocity        0x0087ce   0x2e  Code  Gb  motor_control.o [1]
SetValue2Display        0x008926    0x4  Code  Gb  encoder.o [1]
Setup                   0x0088ed    0xf  Code  Gb  main.o [1]
SetupADC                0x0083a1   0x79  Code  Gb  adc.o [1]
SetupClock              0x008756   0x40  Code  Gb  clock.o [1]
SetupEncoder            0x008453   0x36  Code  Gb  encoder.o [1]
SetupMotorControl       0x0084f5   0x65  Code  Gb  motor_control.o [1]
SetupSerialLEDs         0x008711   0x45  Code  Gb  serialLED.o [1]
TIM2_ARRH               0x00530d    0x1  Data  Gb  motor_control.o [1]
TIM2_ARRL               0x00530e    0x1  Data  Gb  motor_control.o [1]
TIM2_CCR1H              0x00530f    0x1  Data  Gb  motor_control.o [1]
TIM2_CCR1L              0x005310    0x1  Data  Gb  motor_control.o [1]
TIM2_CCR2H              0x005311    0x1  Data  Gb  motor_control.o [1]
TIM2_CCR2L              0x005312    0x1  Data  Gb  motor_control.o [1]
TIM3_ARRH               0x00532b    0x1  Data  Gb  serialLED.o [1]
TIM3_ARRL               0x00532c    0x1  Data  Gb  serialLED.o [1]
TIM3_OVR_UIF_handler    0x008080  0x108  Code  Gb  serialLED.o [1]
VOLTAGE_HIGH_LIMIT      0x008937    0x1  Data  Lc  adc.o [1]
VOLTAGE_LOW_LIMIT       0x008936    0x1  Data  Lc  adc.o [1]
_A_ADC_CR1              0x005401    0x1  Data  Gb  adc.o [1]
_A_ADC_CR2              0x005402    0x1  Data  Gb  adc.o [1]
_A_ADC_CR3              0x005403    0x1  Data  Gb  adc.o [1]
_A_ADC_CSR              0x005400    0x1  Data  Gb  adc.o [1]
_A_CLK_CCOR             0x0050c9    0x1  Data  Gb  clock.o [1]
_A_CLK_CKDIVR           0x0050c6    0x1  Data  Gb  clock.o [1]
_A_CLK_ECKR             0x0050c1    0x1  Data  Gb  clock.o [1]
_A_CLK_HSITRIMR         0x0050cc    0x1  Data  Gb  clock.o [1]
_A_CLK_ICKR             0x0050c0    0x1  Data  Gb  clock.o [1]
_A_CLK_SWCR             0x0050c5    0x1  Data  Gb  clock.o [1]
_A_CLK_SWIMCCR          0x0050cd    0x1  Data  Gb  clock.o [1]
_A_EXTI_CR1             0x0050a0    0x1  Data  Gb  encoder.o [1]
_A_FLASH_IAPSR          0x00505f    0x1  Data  Gb  eeprom.o [1]
_A_PA_CR1               0x005003    0x1  Data  Gb  adc.o [1]
_A_PA_CR2               0x005004    0x1  Data  Gb  adc.o [1]
_A_PA_DDR               0x005002    0x1  Data  Gb  adc.o [1]
_A_PA_IDR               0x005001    0x1  Data  Gb  adc.o [1]
_A_PB_CR1               0x005008    0x1  Data  Gb  serialLED.o [1]
_A_PB_CR2               0x005009    0x1  Data  Gb  serialLED.o [1]
_A_PB_DDR               0x005007    0x1  Data  Gb  serialLED.o [1]
_A_PB_IDR               0x005006    0x1  Data  Gb  adc.o [1]
_A_PB_ODR               0x005005    0x1  Data  Gb  serialLED.o [1]
_A_PD_CR1               0x005012    0x1  Data  Gb  motor_control.o [1]
_A_PD_CR2               0x005013    0x1  Data  Gb  motor_control.o [1]
_A_PD_DDR               0x005011    0x1  Data  Gb  motor_control.o [1]
_A_PD_IDR               0x005010    0x1  Data  Gb  encoder.o [1]
_A_PD_ODR               0x00500f    0x1  Data  Gb  motor_control.o [1]
_A_PE_CR1               0x005017    0x1  Data  Gb  adc.o [1]
_A_PE_CR2               0x005018    0x1  Data  Gb  adc.o [1]
_A_PE_DDR               0x005016    0x1  Data  Gb  adc.o [1]
_A_PE_ODR               0x005014    0x1  Data  Gb  adc.o [1]
_A_PF_CR1               0x00501c    0x1  Data  Gb  adc.o [1]
_A_PF_CR2               0x00501d    0x1  Data  Gb  adc.o [1]
_A_PF_DDR               0x00501b    0x1  Data  Gb  adc.o [1]
_A_PF_IDR               0x00501a    0x1  Data  Gb  adc.o [1]
_A_TIM2_CCER1           0x005308    0x1  Data  Gb  motor_control.o [1]
_A_TIM2_CCMR1           0x005305    0x1  Data  Gb  motor_control.o [1]
_A_TIM2_CCMR2           0x005306    0x1  Data  Gb  motor_control.o [1]
_A_TIM2_CR1             0x005300    0x1  Data  Gb  motor_control.o [1]
_A_TIM2_PSCR            0x00530c    0x1  Data  Gb  motor_control.o [1]
_A_TIM3_CR1             0x005320    0x1  Data  Gb  serialLED.o [1]
_A_TIM3_IER             0x005321    0x1  Data  Gb  serialLED.o [1]
_A_TIM3_PSCR            0x00532a    0x1  Data  Gb  serialLED.o [1]
_A_TIM3_SR1             0x005322    0x1  Data  Gb  serialLED.o [1]
__DebugBreak            0x008938    0x1  Code  Gb  __dbg_break.o [3]
__exit                  0x0088b6   0x14  Code  Gb  __dbg_xxexit.o [3]
__iar_copy_init2        0x00882a         Code  Gb  init_small.o [4]
__iar_data_init2        0x008876   0x17  Code  Gb  init.o [4]
__iar_program_start     0x0088ca         Code  Gb  cstartup.o [4]
__iar_unhandled_exception
                        0x008933         Code  Gb  unhandled_exception.o [4]
__intvec                0x008000         Data  Gb  interrupt.o [4]
__low_level_init        0x00892d    0x3  Code  Gb  low_level_init.o [4]
_exit                   0x008919         Code  Gb  cexit.o [4]
_interrupt_17           0x008080         Code  Gb  serialLED.o [1]
_interrupt_24           0x00855a         Code  Gb  adc.o [1]
_interrupt_8            0x00831b         Code  Gb  encoder.o [1]
ab                      0x000030    0x1  Data  Lc  encoder.o [1]
buttonPressed           0x000031    0x1  Data  Lc  encoder.o [1]
ch0                     0x000022    0x1  Data  Gb  serialLED.o [1]
ch1                     0x000023    0x1  Data  Gb  serialLED.o [1]
ch2                     0x000024    0x1  Data  Gb  serialLED.o [1]
ch3                     0x000025    0x1  Data  Gb  serialLED.o [1]
current_voltage         0x000026    0x1  Data  Lc  adc.o [1]
down_for_plate_collision_couner
                        0x00002b    0x4  Data  Lc  adc.o [1]
down_for_plate_collision_counter_limit
                        0x000010    0x4  Data  Lc  adc.o [1]
encoder_change_accum    0x000032    0x2  Data  Lc  encoder.o [1]
exit                    0x008930    0x3  Code  Gb  exit.o [4]
handleButton            0x0086c6   0x4b  Code  Gb  encoder.o [1]
int_to_7leds            0x000014    0xe  Data  Lc  serialLED.o [1]
last_value2display      0x000038    0x1  Data  Lc  serialLED.o [1]
main                    0x008907    0x8  Code  Gb  main.o [1]
new_value2display       0x000039    0x1  Data  Lc  serialLED.o [1]
param_display_counter   0x000036    0x2  Data  Lc  serialLED.o [1]
pos_counter             0x000034    0x1  Data  Lc  serialLED.o [1]
setDisplayState         0x0085ba   0x5d  Code  Gb  serialLED.o [1]
setInitialHeight        0x0088a2   0x14  Code  Gb  adc.o [1]
table                   0x0088dd   0x10  Data  Lc  encoder.o [1]
up_after_collision_counter
                        0x000027    0x4  Data  Lc  adc.o [1]
up_after_collision_counter_limit
                        0x00000c    0x4  Data  Lc  adc.o [1]
value2display           0x00002f    0x1  Data  Lc  encoder.o [1]
value_refresh_counter   0x000035    0x1  Data  Lc  serialLED.o [1]


[1] = C:\Users\Sales\Documents\GitHub\74HC595\74HC595\Debug\Obj
[2] = command line
[3] = dbgstm8smd.a
[4] = dlstm8smn.a

  2 159 bytes of readonly  code memory
    202 bytes of readonly  data memory
    314 bytes of readwrite data memory (+ 57 absolute)

Errors: none
Warnings: none
