###############################################################################
#
# IAR ELF Linker V2.20.1.176 for STM8                     25/May/2018  16:28:49
# Copyright 2010-2015 IAR Systems AB.
#
#    Output file  =  
#        C:\Users\Sales\Documents\GitHub\74HC595\74HC595\Debug\Exe\74пя595.out
#    Map file     =  
#        C:\Users\Sales\Documents\GitHub\74HC595\74HC595\Debug\List\74пя595.map
#    Command line =  
#        C:\Users\Sales\Documents\GitHub\74HC595\74HC595\Debug\Obj\adc.o
#        C:\Users\Sales\Documents\GitHub\74HC595\74HC595\Debug\Obj\clock.o
#        C:\Users\Sales\Documents\GitHub\74HC595\74HC595\Debug\Obj\eeprom.o
#        C:\Users\Sales\Documents\GitHub\74HC595\74HC595\Debug\Obj\encoder.o
#        C:\Users\Sales\Documents\GitHub\74HC595\74HC595\Debug\Obj\iwdg.o
#        C:\Users\Sales\Documents\GitHub\74HC595\74HC595\Debug\Obj\main.o
#        C:\Users\Sales\Documents\GitHub\74HC595\74HC595\Debug\Obj\motor_control.o
#        C:\Users\Sales\Documents\GitHub\74HC595\74HC595\Debug\Obj\serialLED.o
#        --redirect _Printf=_PrintfFullNoMb --redirect _Scanf=_ScanfFullNoMb -o
#        C:\Users\Sales\Documents\GitHub\74HC595\74HC595\Debug\Exe\74пя595.out
#        --map
#        C:\Users\Sales\Documents\GitHub\74HC595\74HC595\Debug\List\74пя595.map
#        --config "C:\Program Files (x86)\IAR Systems\Embedded Workbench
#        7.3\stm8\config\lnkstm8s105k4.icf" --config_def _CSTACK_SIZE=0x100
#        --config_def _HEAP_SIZE=0x100 --entry __iar_program_start --debug_lib
#
###############################################################################

*******************************************************************************
*** RUNTIME MODEL ATTRIBUTES
***

__SystemLibrary            = DLib
__code_model               = medium_or_large
__core                     = stm8
__data_model               = medium
__dlib_file_descriptor     = 0
__dlib_full_locale_support = 0
__rt_version               = 4


*******************************************************************************
*** PLACEMENT SUMMARY
***

"A1":  place at start of [0x000000-0x0000ff] { rw section .vregs };
"A2":  place at end of [0x000000-0x0007ff] { block CSTACK };
"P2":  place in [from 0x000000 to 0x0007ff] {
          block HEAP, rw section __DLIB_PERTHREAD, rw section .far.bss,
          rw section .far.data, rw section .far.noinit,
          rw section .far_func.textrw, rw section .huge.bss,
          rw section .huge.data, rw section .huge.noinit,
          rw section .huge_func.textrw, rw section .iar.dynexit,
          rw section .near.bss, rw section .near.data, rw section .near.noinit,
          rw section .near_func.textrw };
"A3":  place at start of [0x008000-0x00bfff] { block INTVEC };
"P3":  place in [from 0x008000 to 0x00bfff] {
          ro section __DLIB_PERTHREAD_init, ro section .far.data_init,
          ro section .far_func.textrw_init, ro section .huge.data_init,
          ro section .huge_func.textrw_init, ro section .iar.init_table,
          ro section .init_array, ro section .near.data_init,
          ro section .near.rodata, ro section .near_func.text,
          ro section .near_func.textrw_init, ro section .tiny.data_init,
          ro section .tiny.rodata_init };
"P4":  place in [from 0x008000 to 0x00bfff] {
          ro section .far.rodata, ro section .far_func.text };

  Section            Kind      Address   Size  Object
  -------            ----      -------   ----  ------
"A1":                                     0xc
  .vregs             uninit   0x000000    0xc  vregs.o [4]
                            - 0x00000c    0xc

"P2":                                    0x30
  P2-1                        0x00000c   0x30  <Init block>
    .near.data       inited   0x00000c    0x4  adc.o [1]
    .near.data       inited   0x000010    0x2  adc.o [1]
    .near.data       inited   0x000012    0x2  adc.o [1]
    .near.data       inited   0x000014    0xf  serialLED.o [1]
    .near.data       inited   0x000023    0x1  serialLED.o [1]
    .near.data       inited   0x000024    0x1  serialLED.o [1]
    .near.data       inited   0x000025    0x1  serialLED.o [1]
    .near.data       inited   0x000026    0x1  serialLED.o [1]
    .near.bss        inited   0x000027    0x2  adc.o [1]
    .near.bss        inited   0x000029    0x4  adc.o [1]
    .near.bss        inited   0x00002d    0x1  adc.o [1]
    .near.bss        inited   0x00002e    0x2  adc.o [1]
    .near.bss        inited   0x000030    0x1  adc.o [1]
    .near.bss        inited   0x000031    0x1  encoder.o [1]
    .near.bss        inited   0x000032    0x1  encoder.o [1]
    .near.bss        inited   0x000033    0x1  encoder.o [1]
    .near.bss        inited   0x000034    0x2  encoder.o [1]
    .near.bss        inited   0x000036    0x1  serialLED.o [1]
    .near.bss        inited   0x000037    0x1  serialLED.o [1]
    .near.bss        inited   0x000038    0x2  serialLED.o [1]
    .near.bss        inited   0x00003a    0x1  serialLED.o [1]
    .near.bss        inited   0x00003b    0x1  serialLED.o [1]
                            - 0x00003c   0x30

"A2":                                   0x100
  CSTACK                      0x000700  0x100  <Block>
    CSTACK           uninit   0x000700  0x100  <Block tail>
                            - 0x000800  0x100

Absolute sections, part 1 of 19:         0x14
  .near.noinit       uninit   0x005001    0x1  adc.o [1]
  .near.noinit       uninit   0x005002    0x1  adc.o [1]
  .near.noinit       uninit   0x005003    0x1  adc.o [1]
  .near.noinit       uninit   0x005004    0x1  adc.o [1]
  .near.noinit       uninit   0x005005    0x1  serialLED.o [1]
  .near.noinit       uninit   0x005006    0x1  adc.o [1]
  .near.noinit       uninit   0x005007    0x1  serialLED.o [1]
  .near.noinit       uninit   0x005008    0x1  serialLED.o [1]
  .near.noinit       uninit   0x005009    0x1  serialLED.o [1]
  .near.noinit       uninit   0x00500a    0x1  adc.o [1]
  .near.noinit       uninit   0x00500b    0x1  adc.o [1]
  .near.noinit       uninit   0x00500c    0x1  adc.o [1]
  .near.noinit       uninit   0x00500d    0x1  adc.o [1]
  .near.noinit       uninit   0x00500e    0x1  adc.o [1]
  .near.noinit       uninit   0x00500f    0x1  motor_control.o [1]
  .near.noinit       uninit   0x005010    0x1  encoder.o [1]
  .near.noinit       uninit   0x005011    0x1  motor_control.o [1]
  .near.noinit       uninit   0x005012    0x1  motor_control.o [1]
  .near.noinit       uninit   0x005013    0x1  motor_control.o [1]
  .near.noinit       uninit   0x005014    0x1  adc.o [1]
                            - 0x005015   0x14

Absolute sections, part 2 of 19:          0x3
  .near.noinit       uninit   0x005016    0x1  adc.o [1]
  .near.noinit       uninit   0x005017    0x1  adc.o [1]
  .near.noinit       uninit   0x005018    0x1  adc.o [1]
                            - 0x005019    0x3

Absolute sections, part 3 of 19:          0x4
  .near.noinit       uninit   0x00501a    0x1  adc.o [1]
  .near.noinit       uninit   0x00501b    0x1  adc.o [1]
  .near.noinit       uninit   0x00501c    0x1  adc.o [1]
  .near.noinit       uninit   0x00501d    0x1  adc.o [1]
                            - 0x00501e    0x4

Absolute sections, part 4 of 19:          0x1
  .near.noinit       uninit   0x00505f    0x1  eeprom.o [1]
                            - 0x005060    0x1

Absolute sections, part 5 of 19:          0x1
  .near.noinit       uninit   0x005064    0x1  eeprom.o [1]
                            - 0x005065    0x1

Absolute sections, part 6 of 19:          0x1
  .near.noinit       uninit   0x0050a0    0x1  encoder.o [1]
                            - 0x0050a1    0x1

Absolute sections, part 7 of 19:          0x2
  .near.noinit       uninit   0x0050c0    0x1  clock.o [1]
  .near.noinit       uninit   0x0050c1    0x1  clock.o [1]
                            - 0x0050c2    0x2

Absolute sections, part 8 of 19:          0x4
  .near.noinit       uninit   0x0050c4    0x1  clock.o [1]
  .near.noinit       uninit   0x0050c5    0x1  clock.o [1]
  .near.noinit       uninit   0x0050c6    0x1  clock.o [1]
  .near.noinit       uninit   0x0050c7    0x1  clock.o [1]
                            - 0x0050c8    0x4

Absolute sections, part 9 of 19:          0x2
  .near.noinit       uninit   0x0050c9    0x1  clock.o [1]
  .near.noinit       uninit   0x0050ca    0x1  clock.o [1]
                            - 0x0050cb    0x2

Absolute sections, part 10 of 19:         0x2
  .near.noinit       uninit   0x0050cc    0x1  clock.o [1]
  .near.noinit       uninit   0x0050cd    0x1  clock.o [1]
                            - 0x0050ce    0x2

Absolute sections, part 11 of 19:         0x3
  .near.noinit       uninit   0x0050e0    0x1  iwdg.o [1]
  .near.noinit       uninit   0x0050e1    0x1  iwdg.o [1]
  .near.noinit       uninit   0x0050e2    0x1  iwdg.o [1]
                            - 0x0050e3    0x3

Absolute sections, part 12 of 19:         0x6
  .near.noinit       uninit   0x005250    0x1  encoder.o [1]
  .near.noinit       uninit   0x005251    0x1  encoder.o [1]
  .near.noinit       uninit   0x005252    0x1  encoder.o [1]
  .near.noinit       uninit   0x005253    0x1  encoder.o [1]
  .near.noinit       uninit   0x005254    0x1  encoder.o [1]
  .near.noinit       uninit   0x005255    0x1  encoder.o [1]
                            - 0x005256    0x6

Absolute sections, part 13 of 19:         0x3
  .near.noinit       uninit   0x005260    0x1  encoder.o [1]
  .near.noinit       uninit   0x005261    0x1  encoder.o [1]
  .near.noinit       uninit   0x005262    0x1  encoder.o [1]
                            - 0x005263    0x3

Absolute sections, part 14 of 19:         0x3
  .near.noinit       uninit   0x005300    0x1  motor_control.o [1]
  .near.noinit       uninit   0x005301    0x1  motor_control.o [1]
  .near.noinit       uninit   0x005302    0x1  motor_control.o [1]
                            - 0x005303    0x3

Absolute sections, part 15 of 19:         0x5
  .near.noinit       uninit   0x005305    0x1  motor_control.o [1]
  .near.noinit       uninit   0x005306    0x1  motor_control.o [1]
  .near.noinit       uninit   0x005307    0x1  motor_control.o [1]
  .near.noinit       uninit   0x005308    0x1  motor_control.o [1]
  .near.noinit       uninit   0x005309    0x1  motor_control.o [1]
                            - 0x00530a    0x5

Absolute sections, part 16 of 19:         0x7
  .near.noinit       uninit   0x00530c    0x1  motor_control.o [1]
  .near.noinit       uninit   0x00530d    0x1  motor_control.o [1]
  .near.noinit       uninit   0x00530e    0x1  motor_control.o [1]
  .near.noinit       uninit   0x00530f    0x1  motor_control.o [1]
  .near.noinit       uninit   0x005310    0x1  motor_control.o [1]
  .near.noinit       uninit   0x005311    0x1  motor_control.o [1]
  .near.noinit       uninit   0x005312    0x1  motor_control.o [1]
                            - 0x005313    0x7

Absolute sections, part 17 of 19:         0x3
  .near.noinit       uninit   0x005320    0x1  serialLED.o [1]
  .near.noinit       uninit   0x005321    0x1  serialLED.o [1]
  .near.noinit       uninit   0x005322    0x1  serialLED.o [1]
                            - 0x005323    0x3

Absolute sections, part 18 of 19:         0x3
  .near.noinit       uninit   0x00532a    0x1  serialLED.o [1]
  .near.noinit       uninit   0x00532b    0x1  serialLED.o [1]
  .near.noinit       uninit   0x00532c    0x1  serialLED.o [1]
                            - 0x00532d    0x3

Absolute sections, part 19 of 19:         0x6
  .near.noinit       uninit   0x005400    0x1  adc.o [1]
  .near.noinit       uninit   0x005401    0x1  adc.o [1]
  .near.noinit       uninit   0x005402    0x1  adc.o [1]
  .near.noinit       uninit   0x005403    0x1  adc.o [1]
  .near.noinit       uninit   0x005404    0x1  adc.o [1]
  .near.noinit       uninit   0x005405    0x1  adc.o [1]
                            - 0x005406    0x6

"A3":                                    0x80
  INTVEC                      0x008000   0x80  <Block>
    .intvec          const    0x008000   0x80  interrupt.o [4]
                            - 0x008080   0x80

"P3":                                    0x4f
  Initializer bytes  const    0x008080   0x30  <for P2-1>
  .iar.init_table    const    0x0080b0    0xb  - Linker created -
  .near.rodata       const    0x0080bb   0x10  encoder.o [1]
  .near.rodata       const    0x0080cb    0x2  adc.o [1]
  .near.rodata       const    0x0080cd    0x1  adc.o [1]
  .near.rodata       const    0x0080ce    0x1  adc.o [1]
                            - 0x0080cf   0x4f

"P4":                                   0x9f4
  .far_func.text     ro code  0x0080cf  0x170  adc.o [1]
  .far_func.text     ro code  0x00823f   0xb1  encoder.o [1]
  .far_func.text     ro code  0x0082f0   0xb0  serialLED.o [1]
  .far_func.text     ro code  0x0083a0   0x9b  adc.o [1]
  .far_func.text     ro code  0x00843b   0x96  adc.o [1]
  .far_func.text     ro code  0x0084d1   0x96  serialLED.o [1]
  .far_func.text     ro code  0x008567   0x83  motor_control.o [1]
  .far_func.text     ro code  0x0085ea   0x81  vreg_util.o [4]
  .far_func.text     ro code  0x00866b   0x65  encoder.o [1]
  .far_func.text     ro code  0x0086d0   0x60  eeprom.o [1]
  .far_func.text     ro code  0x008730   0x5e  serialLED.o [1]
  .far_func.text     ro code  0x00878e   0x58  serialLED.o [1]
  .far_func.text     ro code  0x0087e6   0x56  short.o [4]
  .far_func.text     ro code  0x00883c   0x4b  encoder.o [1]
  .far_func.text     ro code  0x008887   0x45  serialLED.o [1]
  .far_func.text     ro code  0x0088cc   0x40  clock.o [1]
  .far_func.text     ro code  0x00890c   0x30  long.o [4]
  .far_func.text     ro code  0x00893c   0x2a  motor_control.o [1]
  .far_func.text     ro code  0x008966   0x28  init_small.o [4]
  .far_func.text     ro code  0x00898e   0x24  encoder.o [1]
  .far_func.text     ro code  0x0089b2   0x1e  init.o [4]
  .far_func.text     ro code  0x0089d0   0x1a  long_util.o [4]
  .far_func.text     ro code  0x0089ea   0x19  iwdg.o [1]
  .far_func.text     ro code  0x008a03   0x18  main.o [1]
  .far_func.text     ro code  0x008a1b   0x17  cstartup.o [4]
  .far_func.text     ro code  0x008a32   0x16  encoder.o [1]
  .far_func.text     ro code  0x008a48   0x16  __dbg_xxexit.o [3]
  .far_func.text     ro code  0x008a5e   0x10  encoder.o [1]
  .far_func.text     ro code  0x008a6e    0xe  far_util.o [4]
  .far_func.text     ro code  0x008a7c    0x9  encoder.o [1]
  .far_func.text     ro code  0x008a85    0x9  main.o [1]
  .far_func.text     ro code  0x008a8e    0x6  cexit.o [4]
  .far_func.text     ro code  0x008a94    0x5  adc.o [1]
  .far_func.text     ro code  0x008a99    0x5  adc.o [1]
  .far_func.text     ro code  0x008a9e    0x5  iwdg.o [1]
  .far_func.text     ro code  0x008aa3    0x5  serialLED.o [1]
  .far_func.text     ro code  0x008aa8    0x4  adc.o [1]
  .far_func.text     ro code  0x008aac    0x4  encoder.o [1]
  .far_func.text     ro code  0x008ab0    0x4  encoder.o [1]
  .far_func.text     ro code  0x008ab4    0x4  interrupt.o [4]
  .far_func.text     ro code  0x008ab8    0x4  exit.o [4]
  .far_func.text     ro code  0x008abc    0x3  low_level_init.o [4]
  .far_func.text     ro code  0x008abf    0x3  unhandled_exception.o [4]
  .far_func.text     ro code  0x008ac2    0x1  __dbg_break.o [3]
                            - 0x008ac3  0x9f4


*******************************************************************************
*** INIT TABLE
***

          Address   Size
          -------   ----
Copy (__iar_copy_init2)
    1 source range, total size 0x30:
          0x008080  0x30
    1 destination range, total size 0x30:
          0x00000c  0x30



*******************************************************************************
*** MODULE SUMMARY
***

    Module                 ro code  ro data  rw data  rw data
                                                       (abs)
    ------                 -------  -------  -------  -------
C:\Users\Sales\Documents\GitHub\74HC595\74HC595\Debug\Obj: [1]
    adc.o                      687       22       18       24
    clock.o                     64                         10
    eeprom.o                    96                          2
    encoder.o                  444       21        5       11
    iwdg.o                      30                          3
    main.o                      33
    motor_control.o            173                         19
    serialLED.o                582       25       25       10
    ---------------------------------------------------------
    Total:                   2 109       68       48       79

command line: [2]
    ---------------------------------------------------------
    Total:

dbgstm8mmd.a: [3]
    __dbg_break.o                1
    __dbg_xxexit.o              22
    ---------------------------------------------------------
    Total:                      23

dlstm8mmn.a: [4]
    cexit.o                      6
    cstartup.o                  23
    exit.o                       4
    far_util.o                  14
    init.o                      30
    init_small.o                40
    interrupt.o                  4      128
    long.o                      48
    long_util.o                 26
    low_level_init.o             3
    short.o                     86
    unhandled_exception.o        3
    vreg_util.o                129
    vregs.o                                       12
    ---------------------------------------------------------
    Total:                     416      128       12

    Linker created                       11      256
-------------------------------------------------------------
    Grand Total:             2 548      207      316       79


*******************************************************************************
*** ENTRY LIST
***

Entry                    Address   Size  Type      Object
-----                    -------   ----  ----      ------
.iar.init_table$$Base   0x0080b0          --   Gb  - Linker created -
.iar.init_table$$Limit  0x0080bb          --   Gb  - Linker created -
?b0                     0x000000         Data  Gb  vregs.o [4]
?b1                     0x000001         Data  Gb  vregs.o [4]
?b10                    0x00000a         Data  Gb  vregs.o [4]
?b11                    0x00000b         Data  Gb  vregs.o [4]
?b2                     0x000002         Data  Gb  vregs.o [4]
?b3                     0x000003         Data  Gb  vregs.o [4]
?b4                     0x000004         Data  Gb  vregs.o [4]
?b5                     0x000005         Data  Gb  vregs.o [4]
?b6                     0x000006         Data  Gb  vregs.o [4]
?b7                     0x000007         Data  Gb  vregs.o [4]
?b8                     0x000008         Data  Gb  vregs.o [4]
?b9                     0x000009         Data  Gb  vregs.o [4]
?dec32_0x_0x            0x008911         Code  Gb  long.o [4]
?dec32_l0_l0            0x00890c         Code  Gb  long.o [4]
?e0                     0x000001         Data  Gb  vregs.o [4]
?e1                     0x000005         Data  Gb  vregs.o [4]
?e2                     0x000009         Data  Gb  vregs.o [4]
?epilogue_w4            0x008666         Code  Gb  vreg_util.o [4]
?l0                     0x000000         Data  Gb  vregs.o [4]
?l1                     0x000004         Data  Gb  vregs.o [4]
?l2                     0x000008         Data  Gb  vregs.o [4]
?load24_e1_0x           0x008a6e         Code  Gb  far_util.o [4]
?load32_0x_l0           0x0089dc         Code  Gb  long_util.o [4]
?load32_l0_0x           0x0089d0         Code  Gb  long_util.o [4]
?mul16_x_x_w0           0x0087e6         Code  Gb  short.o [4]
?pop_l0                 0x008644         Code  Gb  vreg_util.o [4]
?pop_l1                 0x00864f         Code  Gb  vreg_util.o [4]
?pop_w4                 0x008606         Code  Gb  vreg_util.o [4]
?push_l0                0x008619         Code  Gb  vreg_util.o [4]
?push_l1                0x00861e         Code  Gb  vreg_util.o [4]
?push_w4                0x0085ea         Code  Gb  vreg_util.o [4]
?scmp32_c_l0_l1         0x008925         Code  Gb  long.o [4]
?sdiv16_x_x_y           0x008804         Code  Gb  short.o [4]
?sext16_x_a             0x008835         Code  Gb  short.o [4]
?smod16_y_x_y           0x00881d         Code  Gb  short.o [4]
?sra16_x_x_a            0x00882d         Code  Gb  short.o [4]
?w0                     0x000000         Data  Gb  vregs.o [4]
?w1                     0x000002         Data  Gb  vregs.o [4]
?w2                     0x000004         Data  Gb  vregs.o [4]
?w3                     0x000006         Data  Gb  vregs.o [4]
?w4                     0x000008         Data  Gb  vregs.o [4]
?w5                     0x00000a         Data  Gb  vregs.o [4]
ADC1_EOC_IRQHandler     0x00843b   0x96  Code  Gb  adc.o [1]
ADC_DRH                 0x005404    0x1  Data  Gb  adc.o [1]
ADC_DRL                 0x005405    0x1  Data  Gb  adc.o [1]
CLK_PCKENR1             0x0050c7    0x1  Data  Gb  clock.o [1]
CLK_PCKENR2             0x0050ca    0x1  Data  Gb  clock.o [1]
CLK_SWR                 0x0050c4    0x1  Data  Gb  clock.o [1]
CSTACK$$Base            0x000700          --   Gb  - Linker created -
CSTACK$$Limit           0x000800          --   Gb  - Linker created -
EEPROM_readChar         0x0086fc   0x10  Code  Gb  eeprom.o [1]
EEPROM_writeChar        0x0086d0   0x2c  Code  Gb  eeprom.o [1]
EXTI_PORTD_IRQHandler   0x00823f   0xb1  Code  Gb  encoder.o [1]
FLASH_DUKR              0x005064    0x1  Data  Gb  eeprom.o [1]
GetAngleChange          0x00898e   0x24  Code  Gb  encoder.o [1]
GetCurrentVoltage       0x008a99    0x5  Code  Gb  adc.o [1]
GetEncoderSensorsState  0x008a32   0x16  Code  Gb  encoder.o [1]
GetLiftMotionVelocity   0x0080cf  0x170  Code  Gb  adc.o [1]
GetValue2Display        0x008aac    0x4  Code  Gb  encoder.o [1]
GiveBoneIWDG            0x008a9e    0x5  Code  Gb  iwdg.o [1]
INTVEC$$Base            0x008000          --   Gb  - Linker created -
INTVEC$$Limit           0x008080          --   Gb  - Linker created -
IP_complete_signal_hold_counter
                        0x00002e    0x2  Data  Lc  adc.o [1]
IP_complete_signal_hold_delay
                        0x0080cb    0x2  Data  Lc  adc.o [1]
IWDG_KR                 0x0050e0    0x1  Data  Gb  iwdg.o [1]
IWDG_RLR                0x0050e2    0x1  Data  Gb  iwdg.o [1]
Region$$Table$$Base     0x0080b0          --   Gb  - Linker created -
Region$$Table$$Limit    0x0080bb          --   Gb  - Linker created -
RestartADC              0x008a94    0x5  Code  Gb  adc.o [1]
RestoreInitialHeightSettingFromEEPROM
                        0x008723    0x6  Code  Gb  eeprom.o [1]
RestoreOxyfuelLiftSlowingSettingFromEEPROM
                        0x008729    0x7  Code  Gb  eeprom.o [1]
RestoreVoltageSettingFromEEPROM
                        0x00871e    0x5  Code  Gb  eeprom.o [1]
SetDisplayNumeric       0x00878e   0x58  Code  Gb  serialLED.o [1]
SetDisplayState         0x008730   0x5e  Code  Gb  serialLED.o [1]
SetMotorVelocity        0x00893c   0x2a  Code  Gb  motor_control.o [1]
SetValue2Display        0x008ab0    0x4  Code  Gb  encoder.o [1]
Setup                   0x008a03   0x18  Code  Gb  main.o [1]
SetupADC                0x0083a0   0x9b  Code  Gb  adc.o [1]
SetupClock              0x0088cc   0x40  Code  Gb  clock.o [1]
SetupEncoder            0x00866b   0x65  Code  Gb  encoder.o [1]
SetupIWDG               0x0089ea   0x19  Code  Gb  iwdg.o [1]
SetupMotorControl       0x008567   0x83  Code  Gb  motor_control.o [1]
SetupSerialLEDs         0x008887   0x45  Code  Gb  serialLED.o [1]
StopNResetTimer1        0x008a7c    0x9  Code  Gb  encoder.o [1]
StoreInitialHeightSettingInEEPROM
                        0x008711    0x6  Code  Gb  eeprom.o [1]
StoreOxyfuelLiftSlowingSettingInEEPROM
                        0x008717    0x7  Code  Gb  eeprom.o [1]
StoreVoltageSettingInEEPROM
                        0x00870c    0x5  Code  Gb  eeprom.o [1]
TIM1_ARRH               0x005262    0x1  Data  Gb  encoder.o [1]
TIM1_OVR_UIF_handler    0x008a5e   0x10  Code  Gb  encoder.o [1]
TIM1_PSCRH              0x005260    0x1  Data  Gb  encoder.o [1]
TIM1_PSCRL              0x005261    0x1  Data  Gb  encoder.o [1]
TIM2_ARRH               0x00530d    0x1  Data  Gb  motor_control.o [1]
TIM2_ARRL               0x00530e    0x1  Data  Gb  motor_control.o [1]
TIM2_CCR1H              0x00530f    0x1  Data  Gb  motor_control.o [1]
TIM2_CCR1L              0x005310    0x1  Data  Gb  motor_control.o [1]
TIM2_CCR2H              0x005311    0x1  Data  Gb  motor_control.o [1]
TIM2_CCR2L              0x005312    0x1  Data  Gb  motor_control.o [1]
TIM3_ARRH               0x00532b    0x1  Data  Gb  serialLED.o [1]
TIM3_ARRL               0x00532c    0x1  Data  Gb  serialLED.o [1]
TIM3_OVR_UIF_handler    0x0082f0   0xb0  Code  Gb  serialLED.o [1]
VOLTAGE_HIGH_LIMIT      0x0080ce    0x1  Data  Lc  adc.o [1]
VOLTAGE_LOW_LIMIT       0x0080cd    0x1  Data  Lc  adc.o [1]
_A_ADC_CR1              0x005401    0x1  Data  Gb  adc.o [1]
_A_ADC_CR2              0x005402    0x1  Data  Gb  adc.o [1]
_A_ADC_CR3              0x005403    0x1  Data  Gb  adc.o [1]
_A_ADC_CSR              0x005400    0x1  Data  Gb  adc.o [1]
_A_CLK_CCOR             0x0050c9    0x1  Data  Gb  clock.o [1]
_A_CLK_CKDIVR           0x0050c6    0x1  Data  Gb  clock.o [1]
_A_CLK_ECKR             0x0050c1    0x1  Data  Gb  clock.o [1]
_A_CLK_HSITRIMR         0x0050cc    0x1  Data  Gb  clock.o [1]
_A_CLK_ICKR             0x0050c0    0x1  Data  Gb  clock.o [1]
_A_CLK_SWCR             0x0050c5    0x1  Data  Gb  clock.o [1]
_A_CLK_SWIMCCR          0x0050cd    0x1  Data  Gb  clock.o [1]
_A_EXTI_CR1             0x0050a0    0x1  Data  Gb  encoder.o [1]
_A_FLASH_IAPSR          0x00505f    0x1  Data  Gb  eeprom.o [1]
_A_IWDG_PR              0x0050e1    0x1  Data  Gb  iwdg.o [1]
_A_PA_CR1               0x005003    0x1  Data  Gb  adc.o [1]
_A_PA_CR2               0x005004    0x1  Data  Gb  adc.o [1]
_A_PA_DDR               0x005002    0x1  Data  Gb  adc.o [1]
_A_PA_IDR               0x005001    0x1  Data  Gb  adc.o [1]
_A_PB_CR1               0x005008    0x1  Data  Gb  serialLED.o [1]
_A_PB_CR2               0x005009    0x1  Data  Gb  serialLED.o [1]
_A_PB_DDR               0x005007    0x1  Data  Gb  serialLED.o [1]
_A_PB_IDR               0x005006    0x1  Data  Gb  adc.o [1]
_A_PB_ODR               0x005005    0x1  Data  Gb  serialLED.o [1]
_A_PC_CR1               0x00500d    0x1  Data  Gb  adc.o [1]
_A_PC_CR2               0x00500e    0x1  Data  Gb  adc.o [1]
_A_PC_DDR               0x00500c    0x1  Data  Gb  adc.o [1]
_A_PC_IDR               0x00500b    0x1  Data  Gb  adc.o [1]
_A_PC_ODR               0x00500a    0x1  Data  Gb  adc.o [1]
_A_PD_CR1               0x005012    0x1  Data  Gb  motor_control.o [1]
_A_PD_CR2               0x005013    0x1  Data  Gb  motor_control.o [1]
_A_PD_DDR               0x005011    0x1  Data  Gb  motor_control.o [1]
_A_PD_IDR               0x005010    0x1  Data  Gb  encoder.o [1]
_A_PD_ODR               0x00500f    0x1  Data  Gb  motor_control.o [1]
_A_PE_CR1               0x005017    0x1  Data  Gb  adc.o [1]
_A_PE_CR2               0x005018    0x1  Data  Gb  adc.o [1]
_A_PE_DDR               0x005016    0x1  Data  Gb  adc.o [1]
_A_PE_ODR               0x005014    0x1  Data  Gb  adc.o [1]
_A_PF_CR1               0x00501c    0x1  Data  Gb  adc.o [1]
_A_PF_CR2               0x00501d    0x1  Data  Gb  adc.o [1]
_A_PF_DDR               0x00501b    0x1  Data  Gb  adc.o [1]
_A_PF_IDR               0x00501a    0x1  Data  Gb  adc.o [1]
_A_TIM1_CR1             0x005250    0x1  Data  Gb  encoder.o [1]
_A_TIM1_CR2             0x005251    0x1  Data  Gb  encoder.o [1]
_A_TIM1_ETR             0x005253    0x1  Data  Gb  encoder.o [1]
_A_TIM1_IER             0x005254    0x1  Data  Gb  encoder.o [1]
_A_TIM1_SMCR            0x005252    0x1  Data  Gb  encoder.o [1]
_A_TIM1_SR1             0x005255    0x1  Data  Gb  encoder.o [1]
_A_TIM2_CCER1           0x005308    0x1  Data  Gb  motor_control.o [1]
_A_TIM2_CCER2           0x005309    0x1  Data  Gb  motor_control.o [1]
_A_TIM2_CCMR1           0x005305    0x1  Data  Gb  motor_control.o [1]
_A_TIM2_CCMR2           0x005306    0x1  Data  Gb  motor_control.o [1]
_A_TIM2_CCMR3           0x005307    0x1  Data  Gb  motor_control.o [1]
_A_TIM2_CR1             0x005300    0x1  Data  Gb  motor_control.o [1]
_A_TIM2_IER             0x005301    0x1  Data  Gb  motor_control.o [1]
_A_TIM2_PSCR            0x00530c    0x1  Data  Gb  motor_control.o [1]
_A_TIM2_SR1             0x005302    0x1  Data  Gb  motor_control.o [1]
_A_TIM3_CR1             0x005320    0x1  Data  Gb  serialLED.o [1]
_A_TIM3_IER             0x005321    0x1  Data  Gb  serialLED.o [1]
_A_TIM3_PSCR            0x00532a    0x1  Data  Gb  serialLED.o [1]
_A_TIM3_SR1             0x005322    0x1  Data  Gb  serialLED.o [1]
__DebugBreak            0x008ac2    0x1  Code  Gb  __dbg_break.o [3]
__exit                  0x008a48   0x16  Code  Gb  __dbg_xxexit.o [3]
__iar_copy_init2        0x008966         Code  Gb  init_small.o [4]
__iar_data_init2        0x0089b2   0x1e  Code  Gb  init.o [4]
__iar_program_start     0x008a1b         Code  Gb  cstartup.o [4]
__iar_unhandled_exception
                        0x008abf         Code  Gb  unhandled_exception.o [4]
__intvec                0x008000         Data  Gb  interrupt.o [4]
__low_level_init        0x008abc    0x3  Code  Gb  low_level_init.o [4]
_exit                   0x008a8e         Code  Gb  cexit.o [4]
_interrupt_13           0x008a5e         Code  Gb  encoder.o [1]
_interrupt_17           0x0082f0         Code  Gb  serialLED.o [1]
_interrupt_24           0x00843b         Code  Gb  adc.o [1]
_interrupt_8            0x00823f         Code  Gb  encoder.o [1]
ab                      0x000032    0x1  Data  Lc  encoder.o [1]
buttonPressed           0x000033    0x1  Data  Lc  encoder.o [1]
ch0                     0x000023    0x1  Data  Gb  serialLED.o [1]
ch1                     0x000024    0x1  Data  Gb  serialLED.o [1]
ch2                     0x000025    0x1  Data  Gb  serialLED.o [1]
ch3                     0x000026    0x1  Data  Gb  serialLED.o [1]
current_voltage         0x000027    0x2  Data  Lc  adc.o [1]
displayValues           0x0084d1   0x96  Code  Gb  serialLED.o [1]
downVelocity            0x000012    0x2  Data  Lc  adc.o [1]
encoder_change_accum    0x000034    0x2  Data  Lc  encoder.o [1]
exit                    0x008ab8    0x4  Code  Gb  exit.o [4]
handleButton            0x00883c   0x4b  Code  Gb  encoder.o [1]
int_to_7leds            0x000014    0xf  Data  Lc  serialLED.o [1]
last_value2display      0x00003a    0x1  Data  Lc  serialLED.o [1]
main                    0x008a85    0x9  Code  Gb  main.o [1]
new_value2display       0x00003b    0x1  Data  Lc  serialLED.o [1]
param_display_counter   0x000038    0x2  Data  Lc  serialLED.o [1]
pos_counter             0x000036    0x1  Data  Lc  serialLED.o [1]
preheat                 0x000030    0x1  Data  Lc  adc.o [1]
preheatOn               0x008aa8    0x4  Code  Gb  adc.o [1]
resetParamDisplayCounter
                        0x008aa3    0x5  Code  Gb  serialLED.o [1]
table                   0x0080bb   0x10  Data  Lc  encoder.o [1]
upVelocity              0x000010    0x2  Data  Lc  adc.o [1]
up_after_collision_counter
                        0x000029    0x4  Data  Lc  adc.o [1]
up_after_collision_counter_limit
                        0x00000c    0x4  Data  Lc  adc.o [1]
value2display           0x000031    0x1  Data  Lc  encoder.o [1]
value_refresh_counter   0x000037    0x1  Data  Lc  serialLED.o [1]
waiting_for_IP_signal_released
                        0x00002d    0x1  Data  Lc  adc.o [1]


[1] = C:\Users\Sales\Documents\GitHub\74HC595\74HC595\Debug\Obj
[2] = command line
[3] = dbgstm8mmd.a
[4] = dlstm8mmn.a

  2 548 bytes of readonly  code memory
    207 bytes of readonly  data memory
    316 bytes of readwrite data memory (+ 79 absolute)

Errors: none
Warnings: none
